<html>
<body>
<pre>
<h1>µVision Build Log</h1>
<h2>Tool Versions:</h2>
IDE-Version: ¦ÌVision V5.36.0.0
Copyright (C) 2021 ARM Ltd and ARM Germany GmbH. All rights reserved.
License Information: Mikhail Lossov, UESTC, LIC=KRMW3-AHT90-8T93P-MH3PH-97MGZ-D3RW5
 
Tool Versions:
Toolchain:       MDK-ARM Plus  Version: 5.36.0.0
Toolchain Path:  D:\Program\Keil\ARM\ARMCLANG\Bin
C Compiler:      ArmClang.exe V6.16
Assembler:       Armasm.exe V6.16
Linker/Locator:  ArmLink.exe V6.16
Library Manager: ArmAr.exe V6.16
Hex Converter:   FromElf.exe V6.16
CPU DLL:         SARMCM3.DLL V5.36.0.0
Dialog DLL:      DCM.DLL V1.17.3.0
Target DLL:      CMSIS_AGDI.dll V1.33.0.0
Dialog DLL:      TCM.DLL V1.53.0.0
 
<h2>Project:</h2>
E:\STM\SicenceAssociation\TryUp4DSO\RC_DSO_UI\MDK-ARM\103RC_DSO.uvprojx
Project File Date:  04/04/2022

<h2>Output:</h2>
*** Using Compiler 'V6.16', folder: 'D:\Program\Keil\ARM\ARMCLANG\Bin'
Build target '103RC_DSO'
../Core/Src/main.c(152): warning: passing 'uint8_t [10000]' to parameter of type 'char *' converts between pointers to integer types where one is of the unique plain 'char' type and the other is not [-Wpointer-sign]
  sprintf(uartWavStr, "addt 1,0,325\xff\xff\xff");
          ^~~~~~~~~~
D:\Program\Keil\ARM\ARMCLANG\Bin\..\include\stdio.h(417): note: passing argument to parameter here
extern _ARMABI int sprintf(char * __restrict /*s*/, const char * __restrict /*format*/, ...) __attribute__((__nonnull__(1,2)));
                                                  ^
../Core/Src/main.c(154): warning: passing 'uint8_t [10000]' to parameter of type 'char *' converts between pointers to integer types where one is of the unique plain 'char' type and the other is not [-Wpointer-sign]
    strcat(uartWavStr, "\xfe");
           ^~~~~~~~~~
D:\Program\Keil\ARM\ARMCLANG\Bin\..\include\string.h(93): note: passing argument to parameter here
extern _ARMABI char *strcat(char * __restrict /*s1*/, const char * __restrict /*s2*/) __attribute__((__nonnull__(1,2)));
                                                    ^
../Core/Src/main.c(155): warning: passing 'uint8_t [10000]' to parameter of type 'char *' converts between pointers to integer types where one is of the unique plain 'char' type and the other is not [-Wpointer-sign]
  strcat(uartWavStr, "\xff\xff\xff");
         ^~~~~~~~~~
D:\Program\Keil\ARM\ARMCLANG\Bin\..\include\string.h(93): note: passing argument to parameter here
extern _ARMABI char *strcat(char * __restrict /*s1*/, const char * __restrict /*s2*/) __attribute__((__nonnull__(1,2)));
                                                    ^
../Core/Src/main.c(158): warning: passing 'char [18]' to parameter of type 'u8 *' (aka 'unsigned char *') converts between pointers to integer types where one is of the unique plain 'char' type and the other is not [-Wpointer-sign]
  OLED_ShowString(0, 0, "PrePare2ShowF&Vpp", 16);
                        ^~~~~~~~~~~~~~~~~~~
../Core/OLED_IIC\oled.h(43): note: passing argument to parameter 'p' here
void OLED_ShowString(u8 x,u8 y, u8 *p,u8 Char_Size);
                                    ^
4 warnings generated.
compiling main.c...
linking...
Program Size: Code=27116 RO-data=1976 RW-data=668 ZI-data=24980  
FromELF: creating hex file...
"103RC_DSO\103RC_DSO.axf" - 0 Error(s), 4 Warning(s).

<h2>Software Packages used:</h2>

Package Vendor: ARM
                http://www.keil.com/pack/ARM.CMSIS.5.8.0.pack
                ARM.CMSIS.5.8.0
                CMSIS (Common Microcontroller Software Interface Standard)
   * Component: CORE Version: 5.5.0

Package Vendor: Keil
                http://www.keil.com/pack/Keil.STM32F1xx_DFP.2.4.0.pack
                Keil.STM32F1xx_DFP.2.4.0
                STMicroelectronics STM32F1 Series Device Support, Drivers and Examples

<h2>Collection of Component include folders:</h2>
  .\RTE\_103RC_DSO
  D:\Program\Keil\Local\Arm\Packs\ARM\CMSIS\5.8.0\CMSIS\Core\Include
  D:\Program\Keil\Local\Arm\Packs\Keil\STM32F1xx_DFP\2.4.0\Device\Include

<h2>Collection of Component Files used:</h2>

   * Component: ARM::CMSIS:CORE:5.5.0
      Include file:  CMSIS\Core\Include\tz_context.h
Build Time Elapsed:  00:00:02
</pre>
</body>
</html>
