Component: ARM Compiler 6.16 Tool: armlink [5dfeaa00]

==============================================================================

Section Cross References

    startup_stm32f103xe.o(RESET) refers to startup_stm32f103xe.o(STACK) for __initial_sp
    startup_stm32f103xe.o(RESET) refers to startup_stm32f103xe.o(.text) for Reset_Handler
    startup_stm32f103xe.o(RESET) refers to stm32f1xx_it.o(.text.NMI_Handler) for NMI_Handler
    startup_stm32f103xe.o(RESET) refers to stm32f1xx_it.o(.text.HardFault_Handler) for HardFault_Handler
    startup_stm32f103xe.o(RESET) refers to stm32f1xx_it.o(.text.MemManage_Handler) for MemManage_Handler
    startup_stm32f103xe.o(RESET) refers to stm32f1xx_it.o(.text.BusFault_Handler) for BusFault_Handler
    startup_stm32f103xe.o(RESET) refers to stm32f1xx_it.o(.text.UsageFault_Handler) for UsageFault_Handler
    startup_stm32f103xe.o(RESET) refers to stm32f1xx_it.o(.text.SVC_Handler) for SVC_Handler
    startup_stm32f103xe.o(RESET) refers to stm32f1xx_it.o(.text.DebugMon_Handler) for DebugMon_Handler
    startup_stm32f103xe.o(RESET) refers to stm32f1xx_it.o(.text.PendSV_Handler) for PendSV_Handler
    startup_stm32f103xe.o(RESET) refers to stm32f1xx_it.o(.text.SysTick_Handler) for SysTick_Handler
    startup_stm32f103xe.o(RESET) refers to stm32f1xx_it.o(.text.DMA1_Channel1_IRQHandler) for DMA1_Channel1_IRQHandler
    startup_stm32f103xe.o(RESET) refers to stm32f1xx_it.o(.text.DMA1_Channel4_IRQHandler) for DMA1_Channel4_IRQHandler
    startup_stm32f103xe.o(RESET) refers to stm32f1xx_it.o(.text.DMA1_Channel7_IRQHandler) for DMA1_Channel7_IRQHandler
    startup_stm32f103xe.o(RESET) refers to stm32f1xx_it.o(.text.USART1_IRQHandler) for USART1_IRQHandler
    startup_stm32f103xe.o(RESET) refers to stm32f1xx_it.o(.text.USART2_IRQHandler) for USART2_IRQHandler
    startup_stm32f103xe.o(RESET) refers to stm32f1xx_it.o(.text.DMA2_Channel3_IRQHandler) for DMA2_Channel3_IRQHandler
    startup_stm32f103xe.o(.text) refers to system_stm32f1xx.o(.text.SystemInit) for SystemInit
    startup_stm32f103xe.o(.text) refers to entry.o(.ARM.Collect$$$$00000000) for __main
    global_it.o(.text.fputc) refers to usart.o(.bss.huart1) for huart1
    global_it.o(.text.fputc) refers to stm32f1xx_hal_uart.o(.text.HAL_UART_Transmit) for HAL_UART_Transmit
    global_it.o(.ARM.exidx.text.fputc) refers to global_it.o(.text.fputc) for [Anonymous Symbol]
    global_it.o(.text.dsp_asm_powerMag) refers to global_it.o(.bss.FFT_out_mag) for FFT_out_mag
    global_it.o(.text.dsp_asm_powerMag) refers to fflti.o(.text) for __aeabi_i2f
    global_it.o(.text.dsp_asm_powerMag) refers to fmul.o(.text) for __aeabi_fmul
    global_it.o(.text.dsp_asm_powerMag) refers to fadd.o(.text) for __aeabi_fadd
    global_it.o(.text.dsp_asm_powerMag) refers to f2d.o(.text) for __aeabi_f2d
    global_it.o(.text.dsp_asm_powerMag) refers to sqrt.o(i.sqrt) for sqrt
    global_it.o(.text.dsp_asm_powerMag) refers to dmul.o(.text) for __aeabi_dmul
    global_it.o(.text.dsp_asm_powerMag) refers to d2f.o(.text) for __aeabi_d2f
    global_it.o(.text.dsp_asm_powerMag) refers to ffixui.o(.text) for __aeabi_f2uiz
    global_it.o(.ARM.exidx.text.dsp_asm_powerMag) refers to global_it.o(.text.dsp_asm_powerMag) for [Anonymous Symbol]
    global_it.o(.text.HAL_ADC_ConvCpltCallback) refers to stm32f1xx_hal_gpio.o(.text.HAL_GPIO_TogglePin) for HAL_GPIO_TogglePin
    global_it.o(.text.HAL_ADC_ConvCpltCallback) refers to adc.o(.bss.hadc1) for hadc1
    global_it.o(.text.HAL_ADC_ConvCpltCallback) refers to stm32f1xx_hal_adc.o(.text.HAL_ADC_Stop_DMA) for HAL_ADC_Stop_DMA
    global_it.o(.text.HAL_ADC_ConvCpltCallback) refers to main.o(.bss.ADC_Values) for ADC_Values
    global_it.o(.text.HAL_ADC_ConvCpltCallback) refers to global_it.o(.bss.FFT_in) for FFT_in
    global_it.o(.text.HAL_ADC_ConvCpltCallback) refers to global_it.o(.bss.FFT_out) for FFT_out
    global_it.o(.text.HAL_ADC_ConvCpltCallback) refers to cr4_fft_1024_stm32.o(.text) for cr4_fft_1024_stm32
    global_it.o(.text.HAL_ADC_ConvCpltCallback) refers to global_it.o(.text.dsp_asm_powerMag) for dsp_asm_powerMag
    global_it.o(.text.HAL_ADC_ConvCpltCallback) refers to global_it.o(.bss.FFT_out_mag) for FFT_out_mag
    global_it.o(.text.HAL_ADC_ConvCpltCallback) refers to dfltui.o(.text) for __aeabi_ui2d
    global_it.o(.text.HAL_ADC_ConvCpltCallback) refers to dmul.o(.text) for __aeabi_dmul
    global_it.o(.text.HAL_ADC_ConvCpltCallback) refers to d2f.o(.text) for __aeabi_d2f
    global_it.o(.text.HAL_ADC_ConvCpltCallback) refers to ffltui.o(.text) for __aeabi_ui2f
    global_it.o(.text.HAL_ADC_ConvCpltCallback) refers to global_it.o(.data.HAL_ADC_ConvCpltCallback.sampling_rate) for HAL_ADC_ConvCpltCallback.sampling_rate
    global_it.o(.text.HAL_ADC_ConvCpltCallback) refers to fmul.o(.text) for __aeabi_fmul
    global_it.o(.text.HAL_ADC_ConvCpltCallback) refers to oled.o(.text.OLED_Clear) for OLED_Clear
    global_it.o(.text.HAL_ADC_ConvCpltCallback) refers to f2d.o(.text) for __aeabi_f2d
[...]
    [Anonymous Symbol]                       0x08001d94   Section        0  stm32f1xx_hal_dac.o(.text.DAC_DMAErrorCh1)
    [Anonymous Symbol]                       0x08001dac   Section        0  stm32f1xx_hal_dac_ex.o(.text.DAC_DMAErrorCh2)
    [Anonymous Symbol]                       0x08001dc4   Section        0  stm32f1xx_hal_dac.o(.text.DAC_DMAHalfConvCpltCh1)
    [Anonymous Symbol]                       0x08001dd0   Section        0  stm32f1xx_hal_dac_ex.o(.text.DAC_DMAHalfConvCpltCh2)
    [Anonymous Symbol]                       0x08001ddc   Section        0  stm32f1xx_it.o(.text.DMA1_Channel1_IRQHandler)
    [Anonymous Symbol]                       0x08001dec   Section        0  stm32f1xx_it.o(.text.DMA1_Channel4_IRQHandler)
    [Anonymous Symbol]                       0x08001dfc   Section        0  stm32f1xx_it.o(.text.DMA1_Channel7_IRQHandler)
    [Anonymous Symbol]                       0x08001e0c   Section        0  stm32f1xx_it.o(.text.DMA2_Channel3_IRQHandler)
    DMA_SetConfig                            0x08001e1d   Thumb Code    44  stm32f1xx_hal_dma.o(.text.DMA_SetConfig)
    [Anonymous Symbol]                       0x08001e1c   Section        0  stm32f1xx_hal_dma.o(.text.DMA_SetConfig)
    [Anonymous Symbol]                       0x08001e48   Section        0  stm32f1xx_it.o(.text.DebugMon_Handler)
    [Anonymous Symbol]                       0x08001e4c   Section        0  main.o(.text.Error_Handler)
    [Anonymous Symbol]                       0x08001e50   Section        0  stm32f1xx_hal_adc.o(.text.HAL_ADC_ConfigChannel)
    [Anonymous Symbol]                       0x08001f60   Section        0  global_it.o(.text.HAL_ADC_ConvCpltCallback)
    [Anonymous Symbol]                       0x08002260   Section        0  stm32f1xx_hal_adc.o(.text.HAL_ADC_ConvHalfCpltCallback)
    [Anonymous Symbol]                       0x08002264   Section        0  stm32f1xx_hal_adc.o(.text.HAL_ADC_ErrorCallback)
    [Anonymous Symbol]                       0x08002268   Section        0  stm32f1xx_hal_adc.o(.text.HAL_ADC_Init)
    [Anonymous Symbol]                       0x080023a4   Section        0  adc.o(.text.HAL_ADC_MspInit)
    [Anonymous Symbol]                       0x08002448   Section        0  stm32f1xx_hal_adc.o(.text.HAL_ADC_Start_DMA)
    [Anonymous Symbol]                       0x08002580   Section        0  stm32f1xx_hal_adc.o(.text.HAL_ADC_Stop_DMA)
    [Anonymous Symbol]                       0x080025d4   Section        0  stm32f1xx_hal_dac_ex.o(.text.HAL_DACEx_ConvCpltCallbackCh2)
    [Anonymous Symbol]                       0x080025d8   Section        0  stm32f1xx_hal_dac_ex.o(.text.HAL_DACEx_ConvHalfCpltCallbackCh2)
    [Anonymous Symbol]                       0x080025dc   Section        0  stm32f1xx_hal_dac_ex.o(.text.HAL_DACEx_ErrorCallbackCh2)
    [Anonymous Symbol]                       0x080025e0   Section        0  stm32f1xx_hal_dac.o(.text.HAL_DAC_ConfigChannel)
    [Anonymous Symbol]                       0x0800262c   Section        0  stm32f1xx_hal_dac.o(.text.HAL_DAC_ConvCpltCallbackCh1)
    [Anonymous Symbol]                       0x08002630   Section        0  stm32f1xx_hal_dac.o(.text.HAL_DAC_ConvHalfCpltCallbackCh1)
    [Anonymous Symbol]                       0x08002634   Section        0  stm32f1xx_hal_dac.o(.text.HAL_DAC_ErrorCallbackCh1)
    [Anonymous Symbol]                       0x08002638   Section        0  stm32f1xx_hal_dac.o(.text.HAL_DAC_Init)
    [Anonymous Symbol]                       0x08002660   Section        0  dac.o(.text.HAL_DAC_MspInit)
    [Anonymous Symbol]                       0x08002708   Section        0  stm32f1xx_hal_dac.o(.text.HAL_DAC_Start_DMA)
    [Anonymous Symbol]                       0x080027ec   Section        0  stm32f1xx_hal_dma.o(.text.HAL_DMA_Abort)
    [Anonymous Symbol]                       0x0800282c   Section        0  stm32f1xx_hal_dma.o(.text.HAL_DMA_Abort_IT)
    [Anonymous Symbol]                       0x08002948   Section        0  stm32f1xx_hal_dma.o(.text.HAL_DMA_IRQHandler)
    [Anonymous Symbol]                       0x08002bc8   Section        0  stm32f1xx_hal_dma.o(.text.HAL_DMA_Init)
    [Anonymous Symbol]                       0x08002c58   Section        0  stm32f1xx_hal_dma.o(.text.HAL_DMA_Start_IT)
    [Anonymous Symbol]                       0x08002cc8   Section        0  stm32f1xx_hal.o(.text.HAL_Delay)
    [Anonymous Symbol]                       0x08002cf0   Section        0  stm32f1xx_hal_gpio.o(.text.HAL_GPIO_Init)
    [Anonymous Symbol]                       0x08002ed8   Section        0  stm32f1xx_hal_gpio.o(.text.HAL_GPIO_TogglePin)
    [Anonymous Symbol]                       0x08002ee8   Section        0  stm32f1xx_hal_gpio.o(.text.HAL_GPIO_WritePin)
    [Anonymous Symbol]                       0x08002ef4   Section        0  stm32f1xx_hal.o(.text.HAL_GetTick)
    [Anonymous Symbol]                       0x08002f00   Section        0  stm32f1xx_hal_i2c.o(.text.HAL_I2C_Init)
    [Anonymous Symbol]                       0x08003098   Section        0  stm32f1xx_hal_i2c.o(.text.HAL_I2C_Mem_Write)
    [Anonymous Symbol]                       0x080031c4   Section        0  i2c.o(.text.HAL_I2C_MspInit)
    [Anonymous Symbol]                       0x0800322c   Section        0  stm32f1xx_hal.o(.text.HAL_IncTick)
    [Anonymous Symbol]                       0x08003248   Section        0  stm32f1xx_hal.o(.text.HAL_Init)
    [Anonymous Symbol]                       0x08003270   Section        0  stm32f1xx_hal.o(.text.HAL_InitTick)
    [Anonymous Symbol]                       0x080032c0   Section        0  stm32f1xx_hal_msp.o(.text.HAL_MspInit)
    [Anonymous Symbol]                       0x08003304   Section        0  stm32f1xx_hal_cortex.o(.text.HAL_NVIC_EnableIRQ)
    [Anonymous Symbol]                       0x0800330c   Section        0  stm32f1xx_hal_cortex.o(.text.HAL_NVIC_SetPriority)
    [Anonymous Symbol]                       0x0800332c   Section        0  stm32f1xx_hal_cortex.o(.text.HAL_NVIC_SetPriorityGrouping)
    [Anonymous Symbol]                       0x08003334   Section        0  stm32f1xx_hal_rcc_ex.o(.text.HAL_RCCEx_PeriphCLKConfig)
    [Anonymous Symbol]                       0x0800343c   Section        0  stm32f1xx_hal_rcc.o(.text.HAL_RCC_ClockConfig)
    [Anonymous Symbol]                       0x080035b0   Section        0  stm32f1xx_hal_rcc.o(.text.HAL_RCC_GetHCLKFreq)
    [Anonymous Symbol]                       0x080035bc   Section        0  stm32f1xx_hal_rcc.o(.text.HAL_RCC_GetPCLK1Freq)
    [Anonymous Symbol]                       0x080035e0   Section        0  stm32f1xx_hal_rcc.o(.text.HAL_RCC_GetPCLK2Freq)
    [Anonymous Symbol]                       0x08003604   Section        0  stm32f1xx_hal_rcc.o(.text.HAL_RCC_GetSysClockFreq)
    [Anonymous Symbol]                       0x08003664   Section        0  stm32f1xx_hal_rcc.o(.text.HAL_RCC_OscConfig)
    [Anonymous Symbol]                       0x08003970   Section        0  stm32f1xx_hal_cortex.o(.text.HAL_SYSTICK_Config)
    [Anonymous Symbol]                       0x08003978   Section        0  stm32f1xx_hal_tim_ex.o(.text.HAL_TIMEx_MasterConfigSynchronization)
    [Anonymous Symbol]                       0x08003a10   Section        0  stm32f1xx_hal_tim.o(.text.HAL_TIM_Base_Init)
    [Anonymous Symbol]                       0x08003a6c   Section        0  tim.o(.text.HAL_TIM_Base_MspInit)
    [Anonymous Symbol]                       0x08003ac0   Section        0  stm32f1xx_hal_tim.o(.text.HAL_TIM_Base_Start)
    [Anonymous Symbol]                       0x08003b40   Section        0  stm32f1xx_hal_tim.o(.text.HAL_TIM_ConfigClockSource)
    [Anonymous Symbol]                       0x08003c10   Section        0  stm32f1xx_hal_uart.o(.text.HAL_UARTEx_RxEventCallback)
    [Anonymous Symbol]                       0x08003c14   Section        0  stm32f1xx_hal_uart.o(.text.HAL_UART_ErrorCallback)
    [Anonymous Symbol]                       0x08003c18   Section        0  stm32f1xx_hal_uart.o(.text.HAL_UART_IRQHandler)
    [Anonymous Symbol]                       0x08003de8   Section        0  stm32f1xx_hal_uart.o(.text.HAL_UART_Init)
    [Anonymous Symbol]                       0x08003e48   Section        0  usart.o(.text.HAL_UART_MspInit)
    [Anonymous Symbol]                       0x08003fc0   Section        0  stm32f1xx_hal_uart.o(.text.HAL_UART_Receive_IT)
    [Anonymous Symbol]                       0x08003ff8   Section        0  global_it.o(.text.HAL_UART_RxCpltCallback)
    [Anonymous Symbol]                       0x0800402c   Section        0  stm32f1xx_hal_uart.o(.text.HAL_UART_Transmit)
    [Anonymous Symbol]                       0x080040f8   Section        0  stm32f1xx_hal_uart.o(.text.HAL_UART_Transmit_DMA)
    [Anonymous Symbol]                       0x08004174   Section        0  stm32f1xx_hal_uart.o(.text.HAL_UART_TxCpltCallback)
    [Anonymous Symbol]                       0x08004178   Section        0  stm32f1xx_hal_uart.o(.text.HAL_UART_TxHalfCpltCallback)
    [Anonymous Symbol]                       0x0800417c   Section        0  stm32f1xx_it.o(.text.HardFault_Handler)
    I2C_IsAcknowledgeFailed                  0x08004181   Thumb Code    48  stm32f1xx_hal_i2c.o(.text.I2C_IsAcknowledgeFailed)
    [Anonymous Symbol]                       0x08004180   Section        0  stm32f1xx_hal_i2c.o(.text.I2C_IsAcknowledgeFailed)
    I2C_RequestMemoryWrite                   0x080041b1   Thumb Code   192  stm32f1xx_hal_i2c.o(.text.I2C_RequestMemoryWrite)
    [Anonymous Symbol]                       0x080041b0   Section        0  stm32f1xx_hal_i2c.o(.text.I2C_RequestMemoryWrite)
    I2C_WaitOnBTFFlagUntilTimeout            0x08004271   Thumb Code    94  stm32f1xx_hal_i2c.o(.text.I2C_WaitOnBTFFlagUntilTimeout)
    [Anonymous Symbol]                       0x08004270   Section        0  stm32f1xx_hal_i2c.o(.text.I2C_WaitOnBTFFlagUntilTimeout)
    I2C_WaitOnFlagUntilTimeout               0x080042d1   Thumb Code   116  stm32f1xx_hal_i2c.o(.text.I2C_WaitOnFlagUntilTimeout)
    [Anonymous Symbol]                       0x080042d0   Section        0  stm32f1xx_hal_i2c.o(.text.I2C_WaitOnFlagUntilTimeout)
    I2C_WaitOnMasterAddressFlagUntilTimeout  0x08004345   Thumb Code   140  stm32f1xx_hal_i2c.o(.text.I2C_WaitOnMasterAddressFlagUntilTimeout)
    [Anonymous Symbol]                       0x08004344   Section        0  stm32f1xx_hal_i2c.o(.text.I2C_WaitOnMasterAddressFlagUntilTimeout)
    I2C_WaitOnTXEFlagUntilTimeout            0x080043d1   Thumb Code    94  stm32f1xx_hal_i2c.o(.text.I2C_WaitOnTXEFlagUntilTimeout)
    [Anonymous Symbol]                       0x080043d0   Section        0  stm32f1xx_hal_i2c.o(.text.I2C_WaitOnTXEFlagUntilTimeout)
    [Anonymous Symbol]                       0x08004430   Section        0  adc.o(.text.MX_ADC1_Init)
    [Anonymous Symbol]                       0x08004490   Section        0  dac.o(.text.MX_DAC_Init)
    [Anonymous Symbol]                       0x080044dc   Section        0  dma.o(.text.MX_DMA_Init)
    [Anonymous Symbol]                       0x08004550   Section        0  gpio.o(.text.MX_GPIO_Init)
    [Anonymous Symbol]                       0x08004624   Section        0  i2c.o(.text.MX_I2C1_Init)
    [Anonymous Symbol]                       0x08004664   Section        0  tim.o(.text.MX_TIM2_Init)
    [Anonymous Symbol]                       0x080046e0   Section        0  tim.o(.text.MX_TIM3_Init)
    [Anonymous Symbol]                       0x08004760   Section        0  usart.o(.text.MX_USART1_UART_Init)
    [Anonymous Symbol]                       0x08004798   Section        0  usart.o(.text.MX_USART2_UART_Init)
    [Anonymous Symbol]                       0x080047d0   Section        0  stm32f1xx_it.o(.text.MemManage_Handler)
    [Anonymous Symbol]                       0x080047d4   Section        0  stm32f1xx_it.o(.text.NMI_Handler)
    NVIC_EncodePriority                      0x080047d9   Thumb Code    44  stm32f1xx_hal_cortex.o(.text.NVIC_EncodePriority)
    [Anonymous Symbol]                       0x080047d8   Section        0  stm32f1xx_hal_cortex.o(.text.NVIC_EncodePriority)
    [Anonymous Symbol]                       0x08004804   Section        0  oled.o(.text.OLED_Clear)
    [Anonymous Symbol]                       0x08004840   Section        0  oled.o(.text.OLED_Init)
    [Anonymous Symbol]                       0x0800491c   Section        0  oled.o(.text.OLED_Set_Pos)
    [Anonymous Symbol]                       0x08004940   Section        0  oled.o(.text.OLED_ShowChar)
    [Anonymous Symbol]                       0x080049c0   Section        0  oled.o(.text.OLED_ShowString)
    [Anonymous Symbol]                       0x08004a00   Section        0  oled.o(.text.OLED_WR_Byte)
    [Anonymous Symbol]                       0x08004a14   Section        0  stm32f1xx_it.o(.text.PendSV_Handler)
    RCC_Delay                                0x08004a19   Thumb Code    44  stm32f1xx_hal_rcc.o(.text.RCC_Delay)
    [Anonymous Symbol]                       0x08004a18   Section        0  stm32f1xx_hal_rcc.o(.text.RCC_Delay)
    [Anonymous Symbol]                       0x08004a44   Section        0  stm32f1xx_it.o(.text.SVC_Handler)
    SysTick_Config                           0x08004a49   Thumb Code    46  stm32f1xx_hal_cortex.o(.text.SysTick_Config)
    [Anonymous Symbol]                       0x08004a48   Section        0  stm32f1xx_hal_cortex.o(.text.SysTick_Config)
    [Anonymous Symbol]                       0x08004a78   Section        0  stm32f1xx_it.o(.text.SysTick_Handler)
    [Anonymous Symbol]                       0x08004a80   Section        0  main.o(.text.SystemClock_Config)
    [Anonymous Symbol]                       0x08004af0   Section        0  system_stm32f1xx.o(.text.SystemInit)
    [Anonymous Symbol]                       0x08004af4   Section        0  stm32f1xx_hal_tim.o(.text.TIM_Base_SetConfig)
    [Anonymous Symbol]                       0x08004bcc   Section        0  stm32f1xx_hal_tim.o(.text.TIM_ETR_SetConfig)
    TIM_ITRx_SetConfig                       0x08004be5   Thumb Code    16  stm32f1xx_hal_tim.o(.text.TIM_ITRx_SetConfig)
    [Anonymous Symbol]                       0x08004be4   Section        0  stm32f1xx_hal_tim.o(.text.TIM_ITRx_SetConfig)
    TIM_TI1_ConfigInputStage                 0x08004bf5   Thumb Code    34  stm32f1xx_hal_tim.o(.text.TIM_TI1_ConfigInputStage)
    [Anonymous Symbol]                       0x08004bf4   Section        0  stm32f1xx_hal_tim.o(.text.TIM_TI1_ConfigInputStage)
    TIM_TI2_ConfigInputStage                 0x08004c19   Thumb Code    36  stm32f1xx_hal_tim.o(.text.TIM_TI2_ConfigInputStage)
    [Anonymous Symbol]                       0x08004c18   Section        0  stm32f1xx_hal_tim.o(.text.TIM_TI2_ConfigInputStage)
    UART_DMAAbortOnError                     0x08004c3d   Thumb Code    16  stm32f1xx_hal_uart.o(.text.UART_DMAAbortOnError)
    [Anonymous Symbol]                       0x08004c3c   Section        0  stm32f1xx_hal_uart.o(.text.UART_DMAAbortOnError)
    UART_DMAError                            0x08004c4d   Thumb Code    76  stm32f1xx_hal_uart.o(.text.UART_DMAError)
    [Anonymous Symbol]                       0x08004c4c   Section        0  stm32f1xx_hal_uart.o(.text.UART_DMAError)
    UART_DMATransmitCplt                     0x08004c99   Thumb Code    42  stm32f1xx_hal_uart.o(.text.UART_DMATransmitCplt)
    [Anonymous Symbol]                       0x08004c98   Section        0  stm32f1xx_hal_uart.o(.text.UART_DMATransmitCplt)
    UART_DMATxHalfCplt                       0x08004cc5   Thumb Code    10  stm32f1xx_hal_uart.o(.text.UART_DMATxHalfCplt)
    [Anonymous Symbol]                       0x08004cc4   Section        0  stm32f1xx_hal_uart.o(.text.UART_DMATxHalfCplt)
    UART_EndRxTransfer                       0x08004cd1   Thumb Code    44  stm32f1xx_hal_uart.o(.text.UART_EndRxTransfer)
    [Anonymous Symbol]                       0x08004cd0   Section        0  stm32f1xx_hal_uart.o(.text.UART_EndRxTransfer)
    UART_EndTransmit_IT                      0x08004cfd   Thumb Code    24  stm32f1xx_hal_uart.o(.text.UART_EndTransmit_IT)
    [Anonymous Symbol]                       0x08004cfc   Section        0  stm32f1xx_hal_uart.o(.text.UART_EndTransmit_IT)
    UART_EndTxTransfer                       0x08004d15   Thumb Code    18  stm32f1xx_hal_uart.o(.text.UART_EndTxTransfer)
    [Anonymous Symbol]                       0x08004d14   Section        0  stm32f1xx_hal_uart.o(.text.UART_EndTxTransfer)
    UART_Receive_IT                          0x08004d29   Thumb Code   180  stm32f1xx_hal_uart.o(.text.UART_Receive_IT)
    [Anonymous Symbol]                       0x08004d28   Section        0  stm32f1xx_hal_uart.o(.text.UART_Receive_IT)
    UART_SetConfig                           0x08004ddd   Thumb Code   142  stm32f1xx_hal_uart.o(.text.UART_SetConfig)
    [Anonymous Symbol]                       0x08004ddc   Section        0  stm32f1xx_hal_uart.o(.text.UART_SetConfig)
    [Anonymous Symbol]                       0x08004e6c   Section        0  stm32f1xx_hal_uart.o(.text.UART_Start_Receive_IT)
    UART_Transmit_IT                         0x08004ea1   Thumb Code    82  stm32f1xx_hal_uart.o(.text.UART_Transmit_IT)
    [Anonymous Symbol]                       0x08004ea0   Section        0  stm32f1xx_hal_uart.o(.text.UART_Transmit_IT)
    UART_WaitOnFlagUntilTimeout              0x08004ef5   Thumb Code   100  stm32f1xx_hal_uart.o(.text.UART_WaitOnFlagUntilTimeout)
    [Anonymous Symbol]                       0x08004ef4   Section        0  stm32f1xx_hal_uart.o(.text.UART_WaitOnFlagUntilTimeout)
    [Anonymous Symbol]                       0x08004f58   Section        0  stm32f1xx_it.o(.text.USART1_IRQHandler)
    [Anonymous Symbol]                       0x08004f68   Section        0  stm32f1xx_it.o(.text.USART2_IRQHandler)
    [Anonymous Symbol]                       0x08004f78   Section        0  stm32f1xx_it.o(.text.UsageFault_Handler)
    [Anonymous Symbol]                       0x08004f7c   Section        0  oled.o(.text.Write_IIC_Command)
    [Anonymous Symbol]                       0x08004fac   Section        0  oled.o(.text.Write_IIC_Data)
    __NVIC_EnableIRQ                         0x08004fdd   Thumb Code    32  stm32f1xx_hal_cortex.o(.text.__NVIC_EnableIRQ)
    [Anonymous Symbol]                       0x08004fdc   Section        0  stm32f1xx_hal_cortex.o(.text.__NVIC_EnableIRQ)
    __NVIC_GetPriorityGrouping               0x08004ffd   Thumb Code    16  stm32f1xx_hal_cortex.o(.text.__NVIC_GetPriorityGrouping)
    [Anonymous Symbol]                       0x08004ffc   Section        0  stm32f1xx_hal_cortex.o(.text.__NVIC_GetPriorityGrouping)
    __NVIC_SetPriority                       0x0800500d   Thumb Code    34  stm32f1xx_hal_cortex.o(.text.__NVIC_SetPriority)
    [Anonymous Symbol]                       0x0800500c   Section        0  stm32f1xx_hal_cortex.o(.text.__NVIC_SetPriority)
    __NVIC_SetPriorityGrouping               0x08005031   Thumb Code    32  stm32f1xx_hal_cortex.o(.text.__NVIC_SetPriorityGrouping)
    [Anonymous Symbol]                       0x08005030   Section        0  stm32f1xx_hal_cortex.o(.text.__NVIC_SetPriorityGrouping)
    [Anonymous Symbol]                       0x08005050   Section        0  global_it.o(.text.dsp_asm_powerMag)
    [Anonymous Symbol]                       0x080050f4   Section        0  global_it.o(.text.fputc)
    [Anonymous Symbol]                       0x08005118   Section        0  main.o(.text.main)
    i.__0printf                              0x08005214   Section        0  printfa.o(i.__0printf)
    i.__0sprintf                             0x08005234   Section        0  printfa.o(i.__0sprintf)
    i.__scatterload_copy                     0x0800525c   Section       14  handlers.o(i.__scatterload_copy)
    i.__scatterload_null                     0x0800526a   Section        2  handlers.o(i.__scatterload_null)
    i.__scatterload_zeroinit                 0x0800526c   Section       14  handlers.o(i.__scatterload_zeroinit)
    i.__set_errno                            0x0800527c   Section        0  errno.o(i.__set_errno)
    _fp_digits                               0x08005289   Thumb Code   366  printfa.o(i._fp_digits)
    i._fp_digits                             0x08005288   Section        0  printfa.o(i._fp_digits)
    _printf_core                             0x0800540d   Thumb Code  1744  printfa.o(i._printf_core)
    i._printf_core                           0x0800540c   Section        0  printfa.o(i._printf_core)
    _printf_post_padding                     0x08005ae9   Thumb Code    36  printfa.o(i._printf_post_padding)
    i._printf_post_padding                   0x08005ae8   Section        0  printfa.o(i._printf_post_padding)
    _printf_pre_padding                      0x08005b0d   Thumb Code    46  printfa.o(i._printf_pre_padding)
    i._printf_pre_padding                    0x08005b0c   Section        0  printfa.o(i._printf_pre_padding)
    _sputc                                   0x08005b3b   Thumb Code    10  printfa.o(i._sputc)
    i._sputc                                 0x08005b3a   Section        0  printfa.o(i._sputc)
    i.putchar                                0x08005b44   Section        0  putchar.o(i.putchar)
    i.sqrt                                   0x08005b50   Section        0  sqrt.o(i.sqrt)
    .L.str.4                                 0x080061a4   Data          17  global_it.o(.rodata.str1.4)
    [Anonymous Symbol]                       0x080061a4   Section        0  global_it.o(.rodata.str1.4)
    .data                                    0x20000000   Section        4  stdout.o(.data)
    _errno                                   0x20000004   Data           4  errno.o(.data)
    .data                                    0x20000004   Section        4  errno.o(.data)
    HAL_ADC_ConvCpltCallback.choice          0x200000d0   Data           1  global_it.o(.data.HAL_ADC_ConvCpltCallback.choice)
    [Anonymous Symbol]                       0x200000d0   Section        0  global_it.o(.data.HAL_ADC_ConvCpltCallback.choice)
    HAL_ADC_ConvCpltCallback.sampling_rate   0x200000d4   Data           4  global_it.o(.data.HAL_ADC_ConvCpltCallback.sampling_rate)
    [Anonymous Symbol]                       0x200000d4   Section        0  global_it.o(.data.HAL_ADC_ConvCpltCallback.sampling_rate)
    HAL_ADC_ConvCpltCallback.times           0x20005830   Data           1  global_it.o(.bss.HAL_ADC_ConvCpltCallback.times)
    [Anonymous Symbol]                       0x20005830   Section        0  global_it.o(.bss.HAL_ADC_ConvCpltCallback.times)
    STACK                                    0x20005b10   Section     1024  startup_stm32f103xe.o(STACK)

    Global Symbols

    Symbol Name                              Value     Ov Type        Size  Object(Section)

    BuildAttributes$$THM_ISAv4$P$D$K$B$S$PE$A:L22UL41UL21$X:L11$S22US41US21$IEEE1$IW$~IW$USESV6$~STKCKD$USESV7$~SHL$OTIME$ROPI$IEEEJ$EBA8$MICROLIB$REQ8$PRES8$EABIv2 0x00000000   Number         0  anon$$obj.o ABSOLUTE
    _printf_a                                0x00000000   Number         0  printfstubs.o ABSOLUTE
    _printf_c                                0x00000000   Number         0  printfstubs.o ABSOLUTE
    _printf_charcount                        0x00000000   Number         0  printfstubs.o ABSOLUTE
    _printf_d                                0x00000000   Number         0  printfstubs.o ABSOLUTE
    _printf_e                                0x00000000   Number         0  printfstubs.o ABSOLUTE
    _printf_f                                0x00000000   Number         0  printfstubs.o ABSOLUTE
    _printf_flags                            0x00000000   Number         0  printfstubs.o ABSOLUTE
    _printf_fp_dec                           0x00000000   Number         0  printfstubs.o ABSOLUTE
    _printf_fp_hex                           0x00000000   Number         0  printfstubs.o ABSOLUTE
    _printf_g                                0x00000000   Number         0  printfstubs.o ABSOLUTE
    _printf_i                                0x00000000   Number         0  printfstubs.o ABSOLUTE
    _printf_int_dec                          0x00000000   Number         0  printfstubs.o ABSOLUTE
    _printf_l                                0x00000000   Number         0  printfstubs.o ABSOLUTE
    _printf_lc                               0x00000000   Number         0  printfstubs.o ABSOLUTE
    _printf_ll                               0x00000000   Number         0  printfstubs.o ABSOLUTE
    _printf_lld                              0x00000000   Number         0  printfstubs.o ABSOLUTE
    _printf_lli                              0x00000000   Number         0  printfstubs.o ABSOLUTE
    _printf_llo                              0x00000000   Number         0  printfstubs.o ABSOLUTE
    _printf_llu                              0x00000000   Number         0  printfstubs.o ABSOLUTE
    _printf_llx                              0x00000000   Number         0  printfstubs.o ABSOLUTE
    _printf_longlong_dec                     0x00000000   Number         0  printfstubs.o ABSOLUTE
    _printf_longlong_hex                     0x00000000   Number         0  printfstubs.o ABSOLUTE
    _printf_longlong_oct                     0x00000000   Number         0  printfstubs.o ABSOLUTE
    _printf_ls                               0x00000000   Number         0  printfstubs.o ABSOLUTE
    _printf_mbtowc                           0x00000000   Number         0  printfstubs.o ABSOLUTE
    _printf_n                                0x00000000   Number         0  printfstubs.o ABSOLUTE
    _printf_o                                0x00000000   Number         0  printfstubs.o ABSOLUTE
    _printf_p                                0x00000000   Number         0  printfstubs.o ABSOLUTE
    _printf_percent                          0x00000000   Number         0  printfstubs.o ABSOLUTE
    _printf_pre_padding                      0x00000000   Number         0  printfstubs.o ABSOLUTE
    _printf_return_value                     0x00000000   Number         0  printfstubs.o ABSOLUTE
    _printf_s                                0x00000000   Number         0  printfstubs.o ABSOLUTE
    _printf_sizespec                         0x00000000   Number         0  printfstubs.o ABSOLUTE
    _printf_str                              0x00000000   Number         0  printfstubs.o ABSOLUTE
    _printf_truncate_signed                  0x00000000   Number         0  printfstubs.o ABSOLUTE
    _printf_truncate_unsigned                0x00000000   Number         0  printfstubs.o ABSOLUTE
    _printf_u                                0x00000000   Number         0  printfstubs.o ABSOLUTE
    _printf_wc                               0x00000000   Number         0  printfstubs.o ABSOLUTE
    _printf_wctomb                           0x00000000   Number         0  printfstubs.o ABSOLUTE
    _printf_widthprec                        0x00000000   Number         0  printfstubs.o ABSOLUTE
    _printf_x                                0x00000000   Number         0  printfstubs.o ABSOLUTE
    __cpp_initialize__aeabi_                  - Undefined Weak Reference
    __cxa_finalize                            - Undefined Weak Reference
    _clock_init                               - Undefined Weak Reference
    _microlib_exit                            - Undefined Weak Reference
    __Vectors_Size                           0x00000130   Number         0  startup_stm32f103xe.o ABSOLUTE
    __Vectors                                0x08000000   Data           4  startup_stm32f103xe.o(RESET)
    __Vectors_End                            0x08000130   Data           0  startup_stm32f103xe.o(RESET)
    __main                                   0x08000131   Thumb Code     0  entry.o(.ARM.Collect$$$$00000000)
    _main_stk                                0x08000131   Thumb Code     0  entry2.o(.ARM.Collect$$$$00000001)
    _main_scatterload                        0x08000135   Thumb Code     0  entry5.o(.ARM.Collect$$$$00000004)
    __main_after_scatterload                 0x08000139   Thumb Code     0  entry5.o(.ARM.Collect$$$$00000004)
    _main_clock                              0x08000139   Thumb Code     0  entry7b.o(.ARM.Collect$$$$00000008)
    _main_cpp_init                           0x08000139   Thumb Code     0  entry8b.o(.ARM.Collect$$$$0000000A)
    _main_init                               0x08000139   Thumb Code     0  entry9a.o(.ARM.Collect$$$$0000000B)
    __rt_final_cpp                           0x08000141   Thumb Code     0  entry10a.o(.ARM.Collect$$$$0000000D)
    __rt_final_exit                          0x08000141   Thumb Code     0  entry11a.o(.ARM.Collect$$$$0000000F)
    Reset_Handler                            0x08000145   Thumb Code     8  startup_stm32f103xe.o(.text)
    ADC1_2_IRQHandler                        0x0800015f   Thumb Code     0  startup_stm32f103xe.o(.text)
    ADC3_IRQHandler                          0x0800015f   Thumb Code     0  startup_stm32f103xe.o(.text)
    CAN1_RX1_IRQHandler                      0x0800015f   Thumb Code     0  startup_stm32f103xe.o(.text)
    CAN1_SCE_IRQHandler                      0x0800015f   Thumb Code     0  startup_stm32f103xe.o(.text)
    DMA1_Channel2_IRQHandler                 0x0800015f   Thumb Code     0  startup_stm32f103xe.o(.text)
    DMA1_Channel3_IRQHandler                 0x0800015f   Thumb Code     0  startup_stm32f103xe.o(.text)
    DMA1_Channel5_IRQHandler                 0x0800015f   Thumb Code     0  startup_stm32f103xe.o(.text)
    DMA1_Channel6_IRQHandler                 0x0800015f   Thumb Code     0  startup_stm32f103xe.o(.text)
    DMA2_Channel1_IRQHandler                 0x0800015f   Thumb Code     0  startup_stm32f103xe.o(.text)
    DMA2_Channel2_IRQHandler                 0x0800015f   Thumb Code     0  startup_stm32f103xe.o(.text)
    DMA2_Channel4_5_IRQHandler               0x0800015f   Thumb Code     0  startup_stm32f103xe.o(.text)
    EXTI0_IRQHandler                         0x0800015f   Thumb Code     0  startup_stm32f103xe.o(.text)
    EXTI15_10_IRQHandler                     0x0800015f   Thumb Code     0  startup_stm32f103xe.o(.text)
    EXTI1_IRQHandler                         0x0800015f   Thumb Code     0  startup_stm32f103xe.o(.text)
    EXTI2_IRQHandler                         0x0800015f   Thumb Code     0  startup_stm32f103xe.o(.text)
    EXTI3_IRQHandler                         0x0800015f   Thumb Code     0  startup_stm32f103xe.o(.text)
    EXTI4_IRQHandler                         0x0800015f   Thumb Code     0  startup_stm32f103xe.o(.text)
    EXTI9_5_IRQHandler                       0x0800015f   Thumb Code     0  startup_stm32f103xe.o(.text)
    FLASH_IRQHandler                         0x0800015f   Thumb Code     0  startup_stm32f103xe.o(.text)
    FSMC_IRQHandler                          0x0800015f   Thumb Code     0  startup_stm32f103xe.o(.text)
    I2C1_ER_IRQHandler                       0x0800015f   Thumb Code     0  startup_stm32f103xe.o(.text)
    I2C1_EV_IRQHandler                       0x0800015f   Thumb Code     0  startup_stm32f103xe.o(.text)
    I2C2_ER_IRQHandler                       0x0800015f   Thumb Code     0  startup_stm32f103xe.o(.text)
    I2C2_EV_IRQHandler                       0x0800015f   Thumb Code     0  startup_stm32f103xe.o(.text)
    PVD_IRQHandler                           0x0800015f   Thumb Code     0  startup_stm32f103xe.o(.text)
    RCC_IRQHandler                           0x0800015f   Thumb Code     0  startup_stm32f103xe.o(.text)
    RTC_Alarm_IRQHandler                     0x0800015f   Thumb Code     0  startup_stm32f103xe.o(.text)
    RTC_IRQHandler                           0x0800015f   Thumb Code     0  startup_stm32f103xe.o(.text)
    SDIO_IRQHandler                          0x0800015f   Thumb Code     0  startup_stm32f103xe.o(.text)
    SPI1_IRQHandler                          0x0800015f   Thumb Code     0  startup_stm32f103xe.o(.text)
    SPI2_IRQHandler                          0x0800015f   Thumb Code     0  startup_stm32f103xe.o(.text)
    SPI3_IRQHandler                          0x0800015f   Thumb Code     0  startup_stm32f103xe.o(.text)
    TAMPER_IRQHandler                        0x0800015f   Thumb Code     0  startup_stm32f103xe.o(.text)
    TIM1_BRK_IRQHandler                      0x0800015f   Thumb Code     0  startup_stm32f103xe.o(.text)
    TIM1_CC_IRQHandler                       0x0800015f   Thumb Code     0  startup_stm32f103xe.o(.text)
    TIM1_TRG_COM_IRQHandler                  0x0800015f   Thumb Code     0  startup_stm32f103xe.o(.text)
    TIM1_UP_IRQHandler                       0x0800015f   Thumb Code     0  startup_stm32f103xe.o(.text)
    TIM2_IRQHandler                          0x0800015f   Thumb Code     0  startup_stm32f103xe.o(.text)
    TIM3_IRQHandler                          0x0800015f   Thumb Code     0  startup_stm32f103xe.o(.text)
    TIM4_IRQHandler                          0x0800015f   Thumb Code     0  startup_stm32f103xe.o(.text)
    TIM5_IRQHandler                          0x0800015f   Thumb Code     0  startup_stm32f103xe.o(.text)
    TIM6_IRQHandler                          0x0800015f   Thumb Code     0  startup_stm32f103xe.o(.text)
    TIM7_IRQHandler                          0x0800015f   Thumb Code     0  startup_stm32f103xe.o(.text)
    TIM8_BRK_IRQHandler                      0x0800015f   Thumb Code     0  startup_stm32f103xe.o(.text)
    TIM8_CC_IRQHandler                       0x0800015f   Thumb Code     0  startup_stm32f103xe.o(.text)
    TIM8_TRG_COM_IRQHandler                  0x0800015f   Thumb Code     0  startup_stm32f103xe.o(.text)
    TIM8_UP_IRQHandler                       0x0800015f   Thumb Code     0  startup_stm32f103xe.o(.text)
    UART4_IRQHandler                         0x0800015f   Thumb Code     0  startup_stm32f103xe.o(.text)
    UART5_IRQHandler                         0x0800015f   Thumb Code     0  startup_stm32f103xe.o(.text)
    USART3_IRQHandler                        0x0800015f   Thumb Code     0  startup_stm32f103xe.o(.text)
    USBWakeUp_IRQHandler                     0x0800015f   Thumb Code     0  startup_stm32f103xe.o(.text)
    USB_HP_CAN1_TX_IRQHandler                0x0800015f   Thumb Code     0  startup_stm32f103xe.o(.text)
    USB_LP_CAN1_RX0_IRQHandler               0x0800015f   Thumb Code     0  startup_stm32f103xe.o(.text)
    WWDG_IRQHandler                          0x0800015f   Thumb Code     0  startup_stm32f103xe.o(.text)
    cr4_fft_1024_stm32                       0x08000169   Thumb Code     0  cr4_fft_1024_stm32.o(.text)
    __aeabi_memset                           0x08001349   Thumb Code    14  memseta.o(.text)
    __aeabi_memset4                          0x08001349   Thumb Code     0  memseta.o(.text)
    __aeabi_memset8                          0x08001349   Thumb Code     0  memseta.o(.text)
    __aeabi_memclr                           0x08001357   Thumb Code     4  memseta.o(.text)
    __aeabi_memclr4                          0x08001357   Thumb Code     0  memseta.o(.text)
    __aeabi_memclr8                          0x08001357   Thumb Code     0  memseta.o(.text)
    _memset$wrapper                          0x0800135b   Thumb Code    18  memseta.o(.text)
    strcat                                   0x0800136d   Thumb Code    24  strcat.o(.text)
    strlen                                   0x08001385   Thumb Code    14  strlen.o(.text)
    __aeabi_fadd                             0x08001393   Thumb Code   164  fadd.o(.text)
    __aeabi_fsub                             0x08001437   Thumb Code     6  fadd.o(.text)
    __aeabi_frsub                            0x0800143d   Thumb Code     6  fadd.o(.text)
    __aeabi_fmul                             0x08001443   Thumb Code   100  fmul.o(.text)
    __aeabi_dmul                             0x080014a7   Thumb Code   228  dmul.o(.text)
    __aeabi_fcmpgt                           0x0800158b   Thumb Code    28  fcmpgt.o(.text)
    __aeabi_i2f                              0x080015a7   Thumb Code    18  fflti.o(.text)
    __aeabi_ui2f                             0x080015b9   Thumb Code    10  ffltui.o(.text)
    __aeabi_ui2d                             0x080015c3   Thumb Code    26  dfltui.o(.text)
    __aeabi_f2uiz                            0x080015dd   Thumb Code    40  ffixui.o(.text)
    __aeabi_f2d                              0x08001605   Thumb Code    38  f2d.o(.text)
    __aeabi_d2f                              0x0800162b   Thumb Code    56  d2f.o(.text)
    __aeabi_uidiv                            0x08001663   Thumb Code     0  uidiv.o(.text)
    __aeabi_uidivmod                         0x08001663   Thumb Code    44  uidiv.o(.text)
    __aeabi_uldivmod                         0x0800168f   Thumb Code    98  uldiv.o(.text)
    __I$use$fp                               0x080016f1   Thumb Code     0  iusefp.o(.text)
    _float_round                             0x080016f1   Thumb Code    18  fepilogue.o(.text)
    _float_epilogue                          0x08001703   Thumb Code    92  fepilogue.o(.text)
    _double_round                            0x0800175f   Thumb Code    30  depilogue.o(.text)
    _double_epilogue                         0x0800177d   Thumb Code   156  depilogue.o(.text)
    __aeabi_dadd                             0x08001819   Thumb Code   322  dadd.o(.text)
    __aeabi_dsub                             0x0800195b   Thumb Code     6  dadd.o(.text)
    __aeabi_drsub                            0x08001961   Thumb Code     6  dadd.o(.text)
    __aeabi_ddiv                             0x08001967   Thumb Code   222  ddiv.o(.text)
    _dsqrt                                   0x08001a45   Thumb Code   162  dsqrt.o(.text)
    __aeabi_d2ulz                            0x08001ae7   Thumb Code    48  dfixul.o(.text)
    __aeabi_cdrcmple                         0x08001b19   Thumb Code    48  cdrcmple.o(.text)
    __scatterload                            0x08001b49   Thumb Code    28  init.o(.text)
    __scatterload_rt2                        0x08001b49   Thumb Code     0  init.o(.text)
    __aeabi_llsl                             0x08001b6d   Thumb Code    30  llshl.o(.text)
    _ll_shift_l                              0x08001b6d   Thumb Code     0  llshl.o(.text)
    __aeabi_llsr                             0x08001b8b   Thumb Code    32  llushr.o(.text)
    _ll_ushift_r                             0x08001b8b   Thumb Code     0  llushr.o(.text)
    __aeabi_lasr                             0x08001bab   Thumb Code    36  llsshr.o(.text)
    _ll_sshift_r                             0x08001bab   Thumb Code     0  llsshr.o(.text)
    __decompress                             0x08001bcf   Thumb Code     0  __dczerorl.o(.text)
    __decompress0                            0x08001bcf   Thumb Code    58  __dczerorl.o(.text)
    ADC_ConversionStop_Disable               0x08001c09   Thumb Code    86  stm32f1xx_hal_adc.o(.text.ADC_ConversionStop_Disable)
    ADC_DMAConvCplt                          0x08001c61   Thumb Code    84  stm32f1xx_hal_adc.o(.text.ADC_DMAConvCplt)
    ADC_DMAError                             0x08001cb5   Thumb Code    26  stm32f1xx_hal_adc.o(.text.ADC_DMAError)
    ADC_DMAHalfConvCplt                      0x08001cd1   Thumb Code    10  stm32f1xx_hal_adc.o(.text.ADC_DMAHalfConvCplt)
    ADC_Enable                               0x08001cdd   Thumb Code   146  stm32f1xx_hal_adc.o(.text.ADC_Enable)
    BusFault_Handler                         0x08001d71   Thumb Code     2  stm32f1xx_it.o(.text.BusFault_Handler)
    DAC_DMAConvCpltCh1                       0x08001d75   Thumb Code    16  stm32f1xx_hal_dac.o(.text.DAC_DMAConvCpltCh1)
    DAC_DMAConvCpltCh2                       0x08001d85   Thumb Code    16  stm32f1xx_hal_dac_ex.o(.text.DAC_DMAConvCpltCh2)
    DAC_DMAErrorCh1                          0x08001d95   Thumb Code    24  stm32f1xx_hal_dac.o(.text.DAC_DMAErrorCh1)
    DAC_DMAErrorCh2                          0x08001dad   Thumb Code    24  stm32f1xx_hal_dac_ex.o(.text.DAC_DMAErrorCh2)
    DAC_DMAHalfConvCpltCh1                   0x08001dc5   Thumb Code    10  stm32f1xx_hal_dac.o(.text.DAC_DMAHalfConvCpltCh1)
    DAC_DMAHalfConvCpltCh2                   0x08001dd1   Thumb Code    10  stm32f1xx_hal_dac_ex.o(.text.DAC_DMAHalfConvCpltCh2)
    DMA1_Channel1_IRQHandler                 0x08001ddd   Thumb Code    16  stm32f1xx_it.o(.text.DMA1_Channel1_IRQHandler)
    DMA1_Channel4_IRQHandler                 0x08001ded   Thumb Code    16  stm32f1xx_it.o(.text.DMA1_Channel4_IRQHandler)
    DMA1_Channel7_IRQHandler                 0x08001dfd   Thumb Code    16  stm32f1xx_it.o(.text.DMA1_Channel7_IRQHandler)
    DMA2_Channel3_IRQHandler                 0x08001e0d   Thumb Code    16  stm32f1xx_it.o(.text.DMA2_Channel3_IRQHandler)
    DebugMon_Handler                         0x08001e49   Thumb Code     2  stm32f1xx_it.o(.text.DebugMon_Handler)
    Error_Handler                            0x08001e4d   Thumb Code     2  main.o(.text.Error_Handler)
    HAL_ADC_ConfigChannel                    0x08001e51   Thumb Code   270  stm32f1xx_hal_adc.o(.text.HAL_ADC_ConfigChannel)
    HAL_ADC_ConvCpltCallback                 0x08001f61   Thumb Code   720  global_it.o(.text.HAL_ADC_ConvCpltCallback)
    HAL_ADC_ConvHalfCpltCallback             0x08002261   Thumb Code     2  stm32f1xx_hal_adc.o(.text.HAL_ADC_ConvHalfCpltCallback)
    HAL_ADC_ErrorCallback                    0x08002265   Thumb Code     2  stm32f1xx_hal_adc.o(.text.HAL_ADC_ErrorCallback)
    HAL_ADC_Init                             0x08002269   Thumb Code   314  stm32f1xx_hal_adc.o(.text.HAL_ADC_Init)
    HAL_ADC_MspInit                          0x080023a5   Thumb Code   164  adc.o(.text.HAL_ADC_MspInit)
    HAL_ADC_Start_DMA                        0x08002449   Thumb Code   310  stm32f1xx_hal_adc.o(.text.HAL_ADC_Start_DMA)
    HAL_ADC_Stop_DMA                         0x08002581   Thumb Code    84  stm32f1xx_hal_adc.o(.text.HAL_ADC_Stop_DMA)
    HAL_DACEx_ConvCpltCallbackCh2            0x080025d5   Thumb Code     2  stm32f1xx_hal_dac_ex.o(.text.HAL_DACEx_ConvCpltCallbackCh2)
    HAL_DACEx_ConvHalfCpltCallbackCh2        0x080025d9   Thumb Code     2  stm32f1xx_hal_dac_ex.o(.text.HAL_DACEx_ConvHalfCpltCallbackCh2)
    HAL_DACEx_ErrorCallbackCh2               0x080025dd   Thumb Code     2  stm32f1xx_hal_dac_ex.o(.text.HAL_DACEx_ErrorCallbackCh2)
    HAL_DAC_ConfigChannel                    0x080025e1   Thumb Code    76  stm32f1xx_hal_dac.o(.text.HAL_DAC_ConfigChannel)
    HAL_DAC_ConvCpltCallbackCh1              0x0800262d   Thumb Code     2  stm32f1xx_hal_dac.o(.text.HAL_DAC_ConvCpltCallbackCh1)
    HAL_DAC_ConvHalfCpltCallbackCh1          0x08002631   Thumb Code     2  stm32f1xx_hal_dac.o(.text.HAL_DAC_ConvHalfCpltCallbackCh1)
    HAL_DAC_ErrorCallbackCh1                 0x08002635   Thumb Code     2  stm32f1xx_hal_dac.o(.text.HAL_DAC_ErrorCallbackCh1)
    HAL_DAC_Init                             0x08002639   Thumb Code    40  stm32f1xx_hal_dac.o(.text.HAL_DAC_Init)
    HAL_DAC_MspInit                          0x08002661   Thumb Code   168  dac.o(.text.HAL_DAC_MspInit)
    HAL_DAC_Start_DMA                        0x08002709   Thumb Code   228  stm32f1xx_hal_dac.o(.text.HAL_DAC_Start_DMA)
    HAL_DMA_Abort                            0x080027ed   Thumb Code    64  stm32f1xx_hal_dma.o(.text.HAL_DMA_Abort)
    HAL_DMA_Abort_IT                         0x0800282d   Thumb Code   282  stm32f1xx_hal_dma.o(.text.HAL_DMA_Abort_IT)
    HAL_DMA_IRQHandler                       0x08002949   Thumb Code   638  stm32f1xx_hal_dma.o(.text.HAL_DMA_IRQHandler)
    HAL_DMA_Init                             0x08002bc9   Thumb Code   142  stm32f1xx_hal_dma.o(.text.HAL_DMA_Init)
    HAL_DMA_Start_IT                         0x08002c59   Thumb Code   112  stm32f1xx_hal_dma.o(.text.HAL_DMA_Start_IT)
    HAL_Delay                                0x08002cc9   Thumb Code    40  stm32f1xx_hal.o(.text.HAL_Delay)
    HAL_GPIO_Init                            0x08002cf1   Thumb Code   488  stm32f1xx_hal_gpio.o(.text.HAL_GPIO_Init)
    HAL_GPIO_TogglePin                       0x08002ed9   Thumb Code    16  stm32f1xx_hal_gpio.o(.text.HAL_GPIO_TogglePin)
    HAL_GPIO_WritePin                        0x08002ee9   Thumb Code    10  stm32f1xx_hal_gpio.o(.text.HAL_GPIO_WritePin)
    HAL_GetTick                              0x08002ef5   Thumb Code    12  stm32f1xx_hal.o(.text.HAL_GetTick)
    HAL_I2C_Init                             0x08002f01   Thumb Code   408  stm32f1xx_hal_i2c.o(.text.HAL_I2C_Init)
    HAL_I2C_Mem_Write                        0x08003099   Thumb Code   298  stm32f1xx_hal_i2c.o(.text.HAL_I2C_Mem_Write)
    HAL_I2C_MspInit                          0x080031c5   Thumb Code   104  i2c.o(.text.HAL_I2C_MspInit)
    HAL_IncTick                              0x0800322d   Thumb Code    26  stm32f1xx_hal.o(.text.HAL_IncTick)
    HAL_Init                                 0x08003249   Thumb Code    38  stm32f1xx_hal.o(.text.HAL_Init)
    HAL_InitTick                             0x08003271   Thumb Code    80  stm32f1xx_hal.o(.text.HAL_InitTick)
    HAL_MspInit                              0x080032c1   Thumb Code    66  stm32f1xx_hal_msp.o(.text.HAL_MspInit)
    HAL_NVIC_EnableIRQ                       0x08003305   Thumb Code     8  stm32f1xx_hal_cortex.o(.text.HAL_NVIC_EnableIRQ)
    HAL_NVIC_SetPriority                     0x0800330d   Thumb Code    30  stm32f1xx_hal_cortex.o(.text.HAL_NVIC_SetPriority)
    HAL_NVIC_SetPriorityGrouping             0x0800332d   Thumb Code     8  stm32f1xx_hal_cortex.o(.text.HAL_NVIC_SetPriorityGrouping)
    HAL_RCCEx_PeriphCLKConfig                0x08003335   Thumb Code   262  stm32f1xx_hal_rcc_ex.o(.text.HAL_RCCEx_PeriphCLKConfig)
    HAL_RCC_ClockConfig                      0x0800343d   Thumb Code   372  stm32f1xx_hal_rcc.o(.text.HAL_RCC_ClockConfig)
    HAL_RCC_GetHCLKFreq                      0x080035b1   Thumb Code    12  stm32f1xx_hal_rcc.o(.text.HAL_RCC_GetHCLKFreq)
    HAL_RCC_GetPCLK1Freq                     0x080035bd   Thumb Code    34  stm32f1xx_hal_rcc.o(.text.HAL_RCC_GetPCLK1Freq)
    HAL_RCC_GetPCLK2Freq                     0x080035e1   Thumb Code    34  stm32f1xx_hal_rcc.o(.text.HAL_RCC_GetPCLK2Freq)
    HAL_RCC_GetSysClockFreq                  0x08003605   Thumb Code    76  stm32f1xx_hal_rcc.o(.text.HAL_RCC_GetSysClockFreq)
    HAL_RCC_OscConfig                        0x08003665   Thumb Code   780  stm32f1xx_hal_rcc.o(.text.HAL_RCC_OscConfig)
    HAL_SYSTICK_Config                       0x08003971   Thumb Code     8  stm32f1xx_hal_cortex.o(.text.HAL_SYSTICK_Config)
    HAL_TIMEx_MasterConfigSynchronization    0x08003979   Thumb Code   150  stm32f1xx_hal_tim_ex.o(.text.HAL_TIMEx_MasterConfigSynchronization)
    HAL_TIM_Base_Init                        0x08003a11   Thumb Code    90  stm32f1xx_hal_tim.o(.text.HAL_TIM_Base_Init)
    HAL_TIM_Base_MspInit                     0x08003a6d   Thumb Code    82  tim.o(.text.HAL_TIM_Base_MspInit)
    HAL_TIM_Base_Start                       0x08003ac1   Thumb Code   126  stm32f1xx_hal_tim.o(.text.HAL_TIM_Base_Start)
    HAL_TIM_ConfigClockSource                0x08003b41   Thumb Code   208  stm32f1xx_hal_tim.o(.text.HAL_TIM_ConfigClockSource)
    HAL_UARTEx_RxEventCallback               0x08003c11   Thumb Code     2  stm32f1xx_hal_uart.o(.text.HAL_UARTEx_RxEventCallback)
    HAL_UART_ErrorCallback                   0x08003c15   Thumb Code     2  stm32f1xx_hal_uart.o(.text.HAL_UART_ErrorCallback)
    HAL_UART_IRQHandler                      0x08003c19   Thumb Code   464  stm32f1xx_hal_uart.o(.text.HAL_UART_IRQHandler)
    HAL_UART_Init                            0x08003de9   Thumb Code    94  stm32f1xx_hal_uart.o(.text.HAL_UART_Init)
    HAL_UART_MspInit                         0x08003e49   Thumb Code   376  usart.o(.text.HAL_UART_MspInit)
    HAL_UART_Receive_IT                      0x08003fc1   Thumb Code    56  stm32f1xx_hal_uart.o(.text.HAL_UART_Receive_IT)
    HAL_UART_RxCpltCallback                  0x08003ff9   Thumb Code    50  global_it.o(.text.HAL_UART_RxCpltCallback)
    HAL_UART_Transmit                        0x0800402d   Thumb Code   204  stm32f1xx_hal_uart.o(.text.HAL_UART_Transmit)
    HAL_UART_Transmit_DMA                    0x080040f9   Thumb Code   122  stm32f1xx_hal_uart.o(.text.HAL_UART_Transmit_DMA)
    HAL_UART_TxCpltCallback                  0x08004175   Thumb Code     2  stm32f1xx_hal_uart.o(.text.HAL_UART_TxCpltCallback)
    HAL_UART_TxHalfCpltCallback              0x08004179   Thumb Code     2  stm32f1xx_hal_uart.o(.text.HAL_UART_TxHalfCpltCallback)
    HardFault_Handler                        0x0800417d   Thumb Code     2  stm32f1xx_it.o(.text.HardFault_Handler)
    MX_ADC1_Init                             0x08004431   Thumb Code    94  adc.o(.text.MX_ADC1_Init)
    MX_DAC_Init                              0x08004491   Thumb Code    74  dac.o(.text.MX_DAC_Init)
    MX_DMA_Init                              0x080044dd   Thumb Code   116  dma.o(.text.MX_DMA_Init)
    MX_GPIO_Init                             0x08004551   Thumb Code   210  gpio.o(.text.MX_GPIO_Init)
    MX_I2C1_Init                             0x08004625   Thumb Code    62  i2c.o(.text.MX_I2C1_Init)
    MX_TIM2_Init                             0x08004665   Thumb Code   124  tim.o(.text.MX_TIM2_Init)
    MX_TIM3_Init                             0x080046e1   Thumb Code   128  tim.o(.text.MX_TIM3_Init)
    MX_USART1_UART_Init                      0x08004761   Thumb Code    56  usart.o(.text.MX_USART1_UART_Init)
    MX_USART2_UART_Init                      0x08004799   Thumb Code    56  usart.o(.text.MX_USART2_UART_Init)
    MemManage_Handler                        0x080047d1   Thumb Code     2  stm32f1xx_it.o(.text.MemManage_Handler)
    NMI_Handler                              0x080047d5   Thumb Code     2  stm32f1xx_it.o(.text.NMI_Handler)
    OLED_Clear                               0x08004805   Thumb Code    60  oled.o(.text.OLED_Clear)
    OLED_Init                                0x08004841   Thumb Code   220  oled.o(.text.OLED_Init)
    OLED_Set_Pos                             0x0800491d   Thumb Code    36  oled.o(.text.OLED_Set_Pos)
    OLED_ShowChar                            0x08004941   Thumb Code   128  oled.o(.text.OLED_ShowChar)
    OLED_ShowString                          0x080049c1   Thumb Code    64  oled.o(.text.OLED_ShowString)
    OLED_WR_Byte                             0x08004a01   Thumb Code    18  oled.o(.text.OLED_WR_Byte)
    PendSV_Handler                           0x08004a15   Thumb Code     2  stm32f1xx_it.o(.text.PendSV_Handler)
    SVC_Handler                              0x08004a45   Thumb Code     2  stm32f1xx_it.o(.text.SVC_Handler)
    SysTick_Handler                          0x08004a79   Thumb Code     8  stm32f1xx_it.o(.text.SysTick_Handler)
    SystemClock_Config                       0x08004a81   Thumb Code   112  main.o(.text.SystemClock_Config)
    SystemInit                               0x08004af1   Thumb Code     2  system_stm32f1xx.o(.text.SystemInit)
    TIM_Base_SetConfig                       0x08004af5   Thumb Code   214  stm32f1xx_hal_tim.o(.text.TIM_Base_SetConfig)
    TIM_ETR_SetConfig                        0x08004bcd   Thumb Code    22  stm32f1xx_hal_tim.o(.text.TIM_ETR_SetConfig)
    UART_Start_Receive_IT                    0x08004e6d   Thumb Code    50  stm32f1xx_hal_uart.o(.text.UART_Start_Receive_IT)
    USART1_IRQHandler                        0x08004f59   Thumb Code    16  stm32f1xx_it.o(.text.USART1_IRQHandler)
    USART2_IRQHandler                        0x08004f69   Thumb Code    16  stm32f1xx_it.o(.text.USART2_IRQHandler)
    UsageFault_Handler                       0x08004f79   Thumb Code     2  stm32f1xx_it.o(.text.UsageFault_Handler)
    Write_IIC_Command                        0x08004f7d   Thumb Code    48  oled.o(.text.Write_IIC_Command)
    Write_IIC_Data                           0x08004fad   Thumb Code    48  oled.o(.text.Write_IIC_Data)
    dsp_asm_powerMag                         0x08005051   Thumb Code   164  global_it.o(.text.dsp_asm_powerMag)
    fputc                                    0x080050f5   Thumb Code    34  global_it.o(.text.fputc)
    main                                     0x08005119   Thumb Code   208  main.o(.text.main)
    __0printf                                0x08005215   Thumb Code    22  printfa.o(i.__0printf)
    __1printf                                0x08005215   Thumb Code     0  printfa.o(i.__0printf)
    __2printf                                0x08005215   Thumb Code     0  printfa.o(i.__0printf)
    __c89printf                              0x08005215   Thumb Code     0  printfa.o(i.__0printf)
    printf                                   0x08005215   Thumb Code     0  printfa.o(i.__0printf)
    __0sprintf                               0x08005235   Thumb Code    34  printfa.o(i.__0sprintf)
    __1sprintf                               0x08005235   Thumb Code     0  printfa.o(i.__0sprintf)
    __2sprintf                               0x08005235   Thumb Code     0  printfa.o(i.__0sprintf)
    __c89sprintf                             0x08005235   Thumb Code     0  printfa.o(i.__0sprintf)
    sprintf                                  0x08005235   Thumb Code     0  printfa.o(i.__0sprintf)
    __scatterload_copy                       0x0800525d   Thumb Code    14  handlers.o(i.__scatterload_copy)
    __scatterload_null                       0x0800526b   Thumb Code     2  handlers.o(i.__scatterload_null)
    __scatterload_zeroinit                   0x0800526d   Thumb Code    14  handlers.o(i.__scatterload_zeroinit)
    __set_errno                              0x0800527d   Thumb Code     6  errno.o(i.__set_errno)
    putchar                                  0x08005b45   Thumb Code     6  putchar.o(i.putchar)
    sqrt                                     0x08005b51   Thumb Code    76  sqrt.o(i.sqrt)
    AHBPrescTable                            0x08005b9c   Data          16  system_stm32f1xx.o(.rodata.AHBPrescTable)
    APBPrescTable                            0x08005bac   Data           8  system_stm32f1xx.o(.rodata.APBPrescTable)
    F8X16                                    0x08005bb4   Data        1520  oled.o(.rodata.F8X16)
    Region$$Table$$Base                      0x080061b8   Number         0  anon$$obj.o(Region$$Table)
    Region$$Table$$Limit                     0x080061d8   Number         0  anon$$obj.o(Region$$Table)
    __stdout                                 0x20000000   Data           4  stdout.o(.data)
    DAC_values                               0x20000008   Data         200  main.o(.data.DAC_values)
    SystemCoreClock                          0x200000d8   Data           4  system_stm32f1xx.o(.data.SystemCoreClock)
    sampling_rate_list                       0x200000dc   Data          12  global_it.o(.data.sampling_rate_list)
    str                                      0x200000e8   Data          40  global_it.o(.data.str)
    tim3period                               0x20000110   Data           6  global_it.o(.data.tim3period)
    uartWavStr                               0x20000118   Data       10000  global_it.o(.data.uartWavStr)
    uwTickFreq                               0x20002828   Data           1  stm32f1xx_hal.o(.data.uwTickFreq)
    uwTickPrio                               0x2000282c   Data           4  stm32f1xx_hal.o(.data.uwTickPrio)
    ADC_Values                               0x20002830   Data        4096  main.o(.bss.ADC_Values)
    FFT_in                                   0x20003830   Data        4096  global_it.o(.bss.FFT_in)
    FFT_out                                  0x20004830   Data        2048  global_it.o(.bss.FFT_out)
    FFT_out_mag                              0x20005030   Data        2048  global_it.o(.bss.FFT_out_mag)
    aRxBuffer                                0x20005831   Data           2  main.o(.bss.aRxBuffer)
    hadc1                                    0x20005834   Data          48  adc.o(.bss.hadc1)
    hdac                                     0x20005864   Data          20  dac.o(.bss.hdac)
    hdma_adc1                                0x20005878   Data          68  adc.o(.bss.hdma_adc1)
    hdma_dac_ch1                             0x200058bc   Data          68  dac.o(.bss.hdma_dac_ch1)
    hdma_usart1_tx                           0x20005900   Data          68  usart.o(.bss.hdma_usart1_tx)
    hdma_usart2_tx                           0x20005944   Data          68  usart.o(.bss.hdma_usart2_tx)
    hi2c1                                    0x20005988   Data          84  i2c.o(.bss.hi2c1)
    htim2                                    0x200059dc   Data          72  tim.o(.bss.htim2)
    htim3                                    0x20005a24   Data          72  tim.o(.bss.htim3)
    huart1                                   0x20005a6c   Data          68  usart.o(.bss.huart1)
    huart2                                   0x20005ab0   Data          68  usart.o(.bss.huart2)
    tmpWavPnt                                0x20005af4   Data          20  global_it.o(.bss.tmpWavPnt)
    uwTick                                   0x20005b08   Data           4  stm32f1xx_hal.o(.bss.uwTick)
    __initial_sp                             0x20005f10   Data           0  startup_stm32f103xe.o(STACK)



==============================================================================

Memory Map of the image

  Image Entry point : 0x08000131

  Load Region LR_IROM1 (Base: 0x08000000, Size: 0x00008a08, Max: 0x00040000, ABSOLUTE, COMPRESSED[0x00006328])

    Execution Region ER_IROM1 (Exec base: 0x08000000, Load base: 0x08000000, Size: 0x000061d8, Max: 0x00040000, ABSOLUTE)

    Exec Addr    Load Addr    Size         Type   Attr      Idx    E Section Name        Object

    0x08000000   0x08000000   0x00000130   Data   RO            3    RESET               startup_stm32f103xe.o
    0x08000130   0x08000130   0x00000000   Code   RO         1490  * .ARM.Collect$$$$00000000  mc_w.l(entry.o)
    0x08000130   0x08000130   0x00000004   Code   RO         1782    .ARM.Collect$$$$00000001  mc_w.l(entry2.o)
    0x08000134   0x08000134   0x00000004   Code   RO         1785    .ARM.Collect$$$$00000004  mc_w.l(entry5.o)
    0x08000138   0x08000138   0x00000000   Code   RO         1787    .ARM.Collect$$$$00000008  mc_w.l(entry7b.o)
    0x08000138   0x08000138   0x00000000   Code   RO         1789    .ARM.Collect$$$$0000000A  mc_w.l(entry8b.o)
    0x08000138   0x08000138   0x00000008   Code   RO         1790    .ARM.Collect$$$$0000000B  mc_w.l(entry9a.o)
    0x08000140   0x08000140   0x00000000   Code   RO         1792    .ARM.Collect$$$$0000000D  mc_w.l(entry10a.o)
    0x08000140   0x08000140   0x00000000   Code   RO         1794    .ARM.Collect$$$$0000000F  mc_w.l(entry11a.o)
    0x08000140   0x08000140   0x00000004   Code   RO         1783    .ARM.Collect$$$$00002712  mc_w.l(entry2.o)
    0x08000144   0x08000144   0x00000024   Code   RO            4    .text               startup_stm32f103xe.o
    0x08000168   0x08000168   0x000011e0   Code   RO           85    .text               cr4_fft_1024_stm32.o
    0x08001348   0x08001348   0x00000024   Code   RO         1495    .text               mc_w.l(memseta.o)
    0x0800136c   0x0800136c   0x00000018   Code   RO         1497    .text               mc_w.l(strcat.o)
    0x08001384   0x08001384   0x0000000e   Code   RO         1499    .text               mc_w.l(strlen.o)
    0x08001392   0x08001392   0x000000b0   Code   RO         1762    .text               mf_w.l(fadd.o)
    0x08001442   0x08001442   0x00000064   Code   RO         1764    .text               mf_w.l(fmul.o)
    0x080014a6   0x080014a6   0x000000e4   Code   RO         1766    .text               mf_w.l(dmul.o)
    0x0800158a   0x0800158a   0x0000001c   Code   RO         1768    .text               mf_w.l(fcmpgt.o)
    0x080015a6   0x080015a6   0x00000012   Code   RO         1770    .text               mf_w.l(fflti.o)
    0x080015b8   0x080015b8   0x0000000a   Code   RO         1772    .text               mf_w.l(ffltui.o)
    0x080015c2   0x080015c2   0x0000001a   Code   RO         1774    .text               mf_w.l(dfltui.o)
    0x080015dc   0x080015dc   0x00000028   Code   RO         1776    .text               mf_w.l(ffixui.o)
    0x08001604   0x08001604   0x00000026   Code   RO         1778    .text               mf_w.l(f2d.o)
    0x0800162a   0x0800162a   0x00000038   Code   RO         1780    .text               mf_w.l(d2f.o)
    0x08001662   0x08001662   0x0000002c   Code   RO         1806    .text               mc_w.l(uidiv.o)
    0x0800168e   0x0800168e   0x00000062   Code   RO         1808    .text               mc_w.l(uldiv.o)
    0x080016f0   0x080016f0   0x00000000   Code   RO         1817    .text               mc_w.l(iusefp.o)
    0x080016f0   0x080016f0   0x0000006e   Code   RO         1818    .text               mf_w.l(fepilogue.o)
    0x0800175e   0x0800175e   0x000000ba   Code   RO         1820    .text               mf_w.l(depilogue.o)
    0x08001818   0x08001818   0x0000014e   Code   RO         1822    .text               mf_w.l(dadd.o)
    0x08001966   0x08001966   0x000000de   Code   RO         1824    .text               mf_w.l(ddiv.o)
    0x08001a44   0x08001a44   0x000000a2   Code   RO         1826    .text               mf_w.l(dsqrt.o)
    0x08001ae6   0x08001ae6   0x00000030   Code   RO         1828    .text               mf_w.l(dfixul.o)
    0x08001b16   0x08001b16   0x00000002   PAD
    0x08001b18   0x08001b18   0x00000030   Code   RO         1830    .text               mf_w.l(cdrcmple.o)
    0x08001b48   0x08001b48   0x00000024   Code   RO         1832    .text               mc_w.l(init.o)
    0x08001b6c   0x08001b6c   0x0000001e   Code   RO         1834    .text               mc_w.l(llshl.o)
    0x08001b8a   0x08001b8a   0x00000020   Code   RO         1836    .text               mc_w.l(llushr.o)
    0x08001baa   0x08001baa   0x00000024   Code   RO         1838    .text               mc_w.l(llsshr.o)
    0x08001bce   0x08001bce   0x0000003a   Code   RO         1848    .text               mc_w.l(__dczerorl.o)
    0x08001c08   0x08001c08   0x00000056   Code   RO          274    .text.ADC_ConversionStop_Disable  stm32f1xx_hal_adc.o
    0x08001c5e   0x08001c5e   0x00000002   PAD
    0x08001c60   0x08001c60   0x00000054   Code   RO          296    .text.ADC_DMAConvCplt  stm32f1xx_hal_adc.o
    0x08001cb4   0x08001cb4   0x0000001a   Code   RO          300    .text.ADC_DMAError  stm32f1xx_hal_adc.o
    0x08001cce   0x08001cce   0x00000002   PAD
    0x08001cd0   0x08001cd0   0x0000000a   Code   RO          298    .text.ADC_DMAHalfConvCplt  stm32f1xx_hal_adc.o
    0x08001cda   0x08001cda   0x00000002   PAD
    0x08001cdc   0x08001cdc   0x00000092   Code   RO          282    .text.ADC_Enable    stm32f1xx_hal_adc.o
    0x08001d6e   0x08001d6e   0x00000002   PAD
    0x08001d70   0x08001d70   0x00000002   Code   RO          216    .text.BusFault_Handler  stm32f1xx_it.o
    0x08001d72   0x08001d72   0x00000002   PAD
    0x08001d74   0x08001d74   0x00000010   Code   RO          764    .text.DAC_DMAConvCpltCh1  stm32f1xx_hal_dac.o
    0x08001d84   0x08001d84   0x00000010   Code   RO          820    .text.DAC_DMAConvCpltCh2  stm32f1xx_hal_dac_ex.o
    0x08001d94   0x08001d94   0x00000018   Code   RO          768    .text.DAC_DMAErrorCh1  stm32f1xx_hal_dac.o
    0x08001dac   0x08001dac   0x00000018   Code   RO          824    .text.DAC_DMAErrorCh2  stm32f1xx_hal_dac_ex.o
    0x08001dc4   0x08001dc4   0x0000000a   Code   RO          766    .text.DAC_DMAHalfConvCpltCh1  stm32f1xx_hal_dac.o
    0x08001dce   0x08001dce   0x00000002   PAD
    0x08001dd0   0x08001dd0   0x0000000a   Code   RO          822    .text.DAC_DMAHalfConvCpltCh2  stm32f1xx_hal_dac_ex.o
    0x08001dda   0x08001dda   0x00000002   PAD
    0x08001ddc   0x08001ddc   0x00000010   Code   RO          228    .text.DMA1_Channel1_IRQHandler  stm32f1xx_it.o
    0x08001dec   0x08001dec   0x00000010   Code   RO          230    .text.DMA1_Channel4_IRQHandler  stm32f1xx_it.o
    0x08001dfc   0x08001dfc   0x00000010   Code   RO          232    .text.DMA1_Channel7_IRQHandler  stm32f1xx_it.o
    0x08001e0c   0x08001e0c   0x00000010   Code   RO          238    .text.DMA2_Channel3_IRQHandler  stm32f1xx_it.o
    0x08001e1c   0x08001e1c   0x0000002c   Code   RO          509    .text.DMA_SetConfig  stm32f1xx_hal_dma.o
    0x08001e48   0x08001e48   0x00000002   Code   RO          222    .text.DebugMon_Handler  stm32f1xx_it.o
    0x08001e4a   0x08001e4a   0x00000002   PAD
    0x08001e4c   0x08001e4c   0x00000002   Code   RO           93    .text.Error_Handler  main.o
    0x08001e4e   0x08001e4e   0x00000002   PAD
    0x08001e50   0x08001e50   0x0000010e   Code   RO          316    .text.HAL_ADC_ConfigChannel  stm32f1xx_hal_adc.o
    0x08001f5e   0x08001f5e   0x00000002   PAD
    0x08001f60   0x08001f60   0x00000300   Code   RO           15    .text.HAL_ADC_ConvCpltCallback  global_it.o
    0x08002260   0x08002260   0x00000002   Code   RO          312    .text.HAL_ADC_ConvHalfCpltCallback  stm32f1xx_hal_adc.o
    0x08002262   0x08002262   0x00000002   PAD
    0x08002264   0x08002264   0x00000002   Code   RO          314    .text.HAL_ADC_ErrorCallback  stm32f1xx_hal_adc.o
    0x08002266   0x08002266   0x00000002   PAD
    0x08002268   0x08002268   0x0000013a   Code   RO          270    .text.HAL_ADC_Init  stm32f1xx_hal_adc.o
    0x080023a2   0x080023a2   0x00000002   PAD
    0x080023a4   0x080023a4   0x000000a4   Code   RO          118    .text.HAL_ADC_MspInit  adc.o
    0x08002448   0x08002448   0x00000136   Code   RO          294    .text.HAL_ADC_Start_DMA  stm32f1xx_hal_adc.o
    0x0800257e   0x0800257e   0x00000002   PAD
    0x08002580   0x08002580   0x00000054   Code   RO          302    .text.HAL_ADC_Stop_DMA  stm32f1xx_hal_adc.o
    0x080025d4   0x080025d4   0x00000002   Code   RO          810    .text.HAL_DACEx_ConvCpltCallbackCh2  stm32f1xx_hal_dac_ex.o
    0x080025d6   0x080025d6   0x00000002   PAD
    0x080025d8   0x080025d8   0x00000002   Code   RO          812    .text.HAL_DACEx_ConvHalfCpltCallbackCh2  stm32f1xx_hal_dac_ex.o
    0x080025da   0x080025da   0x00000002   PAD
    0x080025dc   0x080025dc   0x00000002   Code   RO          814    .text.HAL_DACEx_ErrorCallbackCh2  stm32f1xx_hal_dac_ex.o
    0x080025de   0x080025de   0x00000002   PAD
    0x080025e0   0x080025e0   0x0000004c   Code   RO          786    .text.HAL_DAC_ConfigChannel  stm32f1xx_hal_dac.o
    0x0800262c   0x0800262c   0x00000002   Code   RO          776    .text.HAL_DAC_ConvCpltCallbackCh1  stm32f1xx_hal_dac.o
    0x0800262e   0x0800262e   0x00000002   PAD
    0x08002630   0x08002630   0x00000002   Code   RO          778    .text.HAL_DAC_ConvHalfCpltCallbackCh1  stm32f1xx_hal_dac.o
    0x08002632   0x08002632   0x00000002   PAD
    0x08002634   0x08002634   0x00000002   Code   RO          780    .text.HAL_DAC_ErrorCallbackCh1  stm32f1xx_hal_dac.o
    0x08002636   0x08002636   0x00000002   PAD
    0x08002638   0x08002638   0x00000028   Code   RO          750    .text.HAL_DAC_Init  stm32f1xx_hal_dac.o
    0x08002660   0x08002660   0x000000a8   Code   RO          134    .text.HAL_DAC_MspInit  dac.o
    0x08002708   0x08002708   0x000000e4   Code   RO          762    .text.HAL_DAC_Start_DMA  stm32f1xx_hal_dac.o
    0x080027ec   0x080027ec   0x00000040   Code   RO          513    .text.HAL_DMA_Abort  stm32f1xx_hal_dma.o
    0x0800282c   0x0800282c   0x0000011a   Code   RO          515    .text.HAL_DMA_Abort_IT  stm32f1xx_hal_dma.o
    0x08002946   0x08002946   0x00000002   PAD
    0x08002948   0x08002948   0x0000027e   Code   RO          519    .text.HAL_DMA_IRQHandler  stm32f1xx_hal_dma.o
    0x08002bc6   0x08002bc6   0x00000002   PAD
    0x08002bc8   0x08002bc8   0x0000008e   Code   RO          503    .text.HAL_DMA_Init  stm32f1xx_hal_dma.o
    0x08002c56   0x08002c56   0x00000002   PAD
    0x08002c58   0x08002c58   0x00000070   Code   RO          511    .text.HAL_DMA_Start_IT  stm32f1xx_hal_dma.o
    0x08002cc8   0x08002cc8   0x00000028   Code   RO          386    .text.HAL_Delay     stm32f1xx_hal.o
    0x08002cf0   0x08002cf0   0x000001e8   Code   RO          479    .text.HAL_GPIO_Init  stm32f1xx_hal_gpio.o
    0x08002ed8   0x08002ed8   0x00000010   Code   RO          487    .text.HAL_GPIO_TogglePin  stm32f1xx_hal_gpio.o
    0x08002ee8   0x08002ee8   0x0000000a   Code   RO          485    .text.HAL_GPIO_WritePin  stm32f1xx_hal_gpio.o
    0x08002ef2   0x08002ef2   0x00000002   PAD
    0x08002ef4   0x08002ef4   0x0000000c   Code   RO          378    .text.HAL_GetTick   stm32f1xx_hal.o
    0x08002f00   0x08002f00   0x00000198   Code   RO          834    .text.HAL_I2C_Init  stm32f1xx_hal_i2c.o
    0x08003098   0x08003098   0x0000012a   Code   RO          884    .text.HAL_I2C_Mem_Write  stm32f1xx_hal_i2c.o
    0x080031c2   0x080031c2   0x00000002   PAD
    0x080031c4   0x080031c4   0x00000068   Code   RO          159    .text.HAL_I2C_MspInit  i2c.o
    0x0800322c   0x0800322c   0x0000001a   Code   RO          376    .text.HAL_IncTick   stm32f1xx_hal.o
    0x08003246   0x08003246   0x00000002   PAD
    0x08003248   0x08003248   0x00000026   Code   RO          366    .text.HAL_Init      stm32f1xx_hal.o
    0x0800326e   0x0800326e   0x00000002   PAD
    0x08003270   0x08003270   0x00000050   Code   RO          368    .text.HAL_InitTick  stm32f1xx_hal.o
    0x080032c0   0x080032c0   0x00000042   Code   RO          247    .text.HAL_MspInit   stm32f1xx_hal_msp.o
    0x08003302   0x08003302   0x00000002   PAD
    0x08003304   0x08003304   0x00000008   Code   RO          549    .text.HAL_NVIC_EnableIRQ  stm32f1xx_hal_cortex.o
    0x0800330c   0x0800330c   0x0000001e   Code   RO          541    .text.HAL_NVIC_SetPriority  stm32f1xx_hal_cortex.o
    0x0800332a   0x0800332a   0x00000002   PAD
    0x0800332c   0x0800332c   0x00000008   Code   RO          537    .text.HAL_NVIC_SetPriorityGrouping  stm32f1xx_hal_cortex.o
    0x08003334   0x08003334   0x00000106   Code   RO          465    .text.HAL_RCCEx_PeriphCLKConfig  stm32f1xx_hal_rcc_ex.o
    0x0800343a   0x0800343a   0x00000002   PAD
    0x0800343c   0x0800343c   0x00000174   Code   RO          433    .text.HAL_RCC_ClockConfig  stm32f1xx_hal_rcc.o
    0x080035b0   0x080035b0   0x0000000c   Code   RO          443    .text.HAL_RCC_GetHCLKFreq  stm32f1xx_hal_rcc.o
    0x080035bc   0x080035bc   0x00000022   Code   RO          445    .text.HAL_RCC_GetPCLK1Freq  stm32f1xx_hal_rcc.o
    0x080035de   0x080035de   0x00000002   PAD
    0x080035e0   0x080035e0   0x00000022   Code   RO          447    .text.HAL_RCC_GetPCLK2Freq  stm32f1xx_hal_rcc.o
    0x08003602   0x08003602   0x00000002   PAD
    0x08003604   0x08003604   0x00000060   Code   RO          435    .text.HAL_RCC_GetSysClockFreq  stm32f1xx_hal_rcc.o
    0x08003664   0x08003664   0x0000030c   Code   RO          429    .text.HAL_RCC_OscConfig  stm32f1xx_hal_rcc.o
    0x08003970   0x08003970   0x00000008   Code   RO          561    .text.HAL_SYSTICK_Config  stm32f1xx_hal_cortex.o
    0x08003978   0x08003978   0x00000096   Code   RO         1318    .text.HAL_TIMEx_MasterConfigSynchronization  stm32f1xx_hal_tim_ex.o
    0x08003a0e   0x08003a0e   0x00000002   PAD
    0x08003a10   0x08003a10   0x0000005a   Code   RO         1004    .text.HAL_TIM_Base_Init  stm32f1xx_hal_tim.o
    0x08003a6a   0x08003a6a   0x00000002   PAD
    0x08003a6c   0x08003a6c   0x00000052   Code   RO          176    .text.HAL_TIM_Base_MspInit  tim.o
    0x08003abe   0x08003abe   0x00000002   PAD
    0x08003ac0   0x08003ac0   0x0000007e   Code   RO         1014    .text.HAL_TIM_Base_Start  stm32f1xx_hal_tim.o
    0x08003b3e   0x08003b3e   0x00000002   PAD
    0x08003b40   0x08003b40   0x000000d0   Code   RO         1196    .text.HAL_TIM_ConfigClockSource  stm32f1xx_hal_tim.o
    0x08003c10   0x08003c10   0x00000002   Code   RO         1432    .text.HAL_UARTEx_RxEventCallback  stm32f1xx_hal_uart.o
    0x08003c12   0x08003c12   0x00000002   PAD
    0x08003c14   0x08003c14   0x00000002   Code   RO         1430    .text.HAL_UART_ErrorCallback  stm32f1xx_hal_uart.o
    0x08003c16   0x08003c16   0x00000002   PAD
    0x08003c18   0x08003c18   0x000001d0   Code   RO         1424    .text.HAL_UART_IRQHandler  stm32f1xx_hal_uart.o
    0x08003de8   0x08003de8   0x0000005e   Code   RO         1342    .text.HAL_UART_Init  stm32f1xx_hal_uart.o
    0x08003e46   0x08003e46   0x00000002   PAD
    0x08003e48   0x08003e48   0x00000178   Code   RO          194    .text.HAL_UART_MspInit  usart.o
    0x08003fc0   0x08003fc0   0x00000038   Code   RO         1366    .text.HAL_UART_Receive_IT  stm32f1xx_hal_uart.o
    0x08003ff8   0x08003ff8   0x00000032   Code   RO           17    .text.HAL_UART_RxCpltCallback  global_it.o
    0x0800402a   0x0800402a   0x00000002   PAD
    0x0800402c   0x0800402c   0x000000cc   Code   RO         1358    .text.HAL_UART_Transmit  stm32f1xx_hal_uart.o
    0x080040f8   0x080040f8   0x0000007a   Code   RO         1370    .text.HAL_UART_Transmit_DMA  stm32f1xx_hal_uart.o
    0x08004172   0x08004172   0x00000002   PAD
    0x08004174   0x08004174   0x00000002   Code   RO         1438    .text.HAL_UART_TxCpltCallback  stm32f1xx_hal_uart.o
    0x08004176   0x08004176   0x00000002   PAD
    0x08004178   0x08004178   0x00000002   Code   RO         1440    .text.HAL_UART_TxHalfCpltCallback  stm32f1xx_hal_uart.o
    0x0800417a   0x0800417a   0x00000002   PAD
    0x0800417c   0x0800417c   0x00000002   Code   RO          212    .text.HardFault_Handler  stm32f1xx_it.o
    0x0800417e   0x0800417e   0x00000002   PAD
    0x08004180   0x08004180   0x00000030   Code   RO          994    .text.I2C_IsAcknowledgeFailed  stm32f1xx_hal_i2c.o
    0x080041b0   0x080041b0   0x000000c0   Code   RO          886    .text.I2C_RequestMemoryWrite  stm32f1xx_hal_i2c.o
    0x08004270   0x08004270   0x0000005e   Code   RO          850    .text.I2C_WaitOnBTFFlagUntilTimeout  stm32f1xx_hal_i2c.o
    0x080042ce   0x080042ce   0x00000002   PAD
    0x080042d0   0x080042d0   0x00000074   Code   RO          844    .text.I2C_WaitOnFlagUntilTimeout  stm32f1xx_hal_i2c.o
    0x08004344   0x08004344   0x0000008c   Code   RO          992    .text.I2C_WaitOnMasterAddressFlagUntilTimeout  stm32f1xx_hal_i2c.o
    0x080043d0   0x080043d0   0x0000005e   Code   RO          848    .text.I2C_WaitOnTXEFlagUntilTimeout  stm32f1xx_hal_i2c.o
    0x0800442e   0x0800442e   0x00000002   PAD
    0x08004430   0x08004430   0x0000005e   Code   RO          116    .text.MX_ADC1_Init  adc.o
    0x0800448e   0x0800448e   0x00000002   PAD
    0x08004490   0x08004490   0x0000004a   Code   RO          132    .text.MX_DAC_Init   dac.o
    0x080044da   0x080044da   0x00000002   PAD
    0x080044dc   0x080044dc   0x00000074   Code   RO          148    .text.MX_DMA_Init   dma.o
    0x08004550   0x08004550   0x000000d2   Code   RO          107    .text.MX_GPIO_Init  gpio.o
    0x08004622   0x08004622   0x00000002   PAD
    0x08004624   0x08004624   0x0000003e   Code   RO          157    .text.MX_I2C1_Init  i2c.o
    0x08004662   0x08004662   0x00000002   PAD
    0x08004664   0x08004664   0x0000007c   Code   RO          172    .text.MX_TIM2_Init  tim.o
    0x080046e0   0x080046e0   0x00000080   Code   RO          174    .text.MX_TIM3_Init  tim.o
    0x08004760   0x08004760   0x00000038   Code   RO          190    .text.MX_USART1_UART_Init  usart.o
    0x08004798   0x08004798   0x00000038   Code   RO          192    .text.MX_USART2_UART_Init  usart.o
    0x080047d0   0x080047d0   0x00000002   Code   RO          214    .text.MemManage_Handler  stm32f1xx_it.o
    0x080047d2   0x080047d2   0x00000002   PAD
    0x080047d4   0x080047d4   0x00000002   Code   RO          210    .text.NMI_Handler   stm32f1xx_it.o
    0x080047d6   0x080047d6   0x00000002   PAD
    0x080047d8   0x080047d8   0x0000002c   Code   RO          547    .text.NVIC_EncodePriority  stm32f1xx_hal_cortex.o
    0x08004804   0x08004804   0x0000003c   Code   RO           54    .text.OLED_Clear    oled.o
    0x08004840   0x08004840   0x000000dc   Code   RO           70    .text.OLED_Init     oled.o
    0x0800491c   0x0800491c   0x00000024   Code   RO           48    .text.OLED_Set_Pos  oled.o
    0x08004940   0x08004940   0x00000080   Code   RO           58    .text.OLED_ShowChar  oled.o
    0x080049c0   0x080049c0   0x00000040   Code   RO           64    .text.OLED_ShowString  oled.o
    0x08004a00   0x08004a00   0x00000012   Code   RO           44    .text.OLED_WR_Byte  oled.o
    0x08004a12   0x08004a12   0x00000002   PAD
    0x08004a14   0x08004a14   0x00000002   Code   RO          224    .text.PendSV_Handler  stm32f1xx_it.o
    0x08004a16   0x08004a16   0x00000002   PAD
    0x08004a18   0x08004a18   0x0000002c   Code   RO          431    .text.RCC_Delay     stm32f1xx_hal_rcc.o
    0x08004a44   0x08004a44   0x00000002   Code   RO          220    .text.SVC_Handler   stm32f1xx_it.o
    0x08004a46   0x08004a46   0x00000002   PAD
    0x08004a48   0x08004a48   0x0000002e   Code   RO          563    .text.SysTick_Config  stm32f1xx_hal_cortex.o
    0x08004a76   0x08004a76   0x00000002   PAD
    0x08004a78   0x08004a78   0x00000008   Code   RO          226    .text.SysTick_Handler  stm32f1xx_it.o
    0x08004a80   0x08004a80   0x00000070   Code   RO           91    .text.SystemClock_Config  main.o
    0x08004af0   0x08004af0   0x00000002   Code   RO         1472    .text.SystemInit    system_stm32f1xx.o
    0x08004af2   0x08004af2   0x00000002   PAD
    0x08004af4   0x08004af4   0x000000d6   Code   RO         1008    .text.TIM_Base_SetConfig  stm32f1xx_hal_tim.o
    0x08004bca   0x08004bca   0x00000002   PAD
    0x08004bcc   0x08004bcc   0x00000016   Code   RO         1194    .text.TIM_ETR_SetConfig  stm32f1xx_hal_tim.o
    0x08004be2   0x08004be2   0x00000002   PAD
    0x08004be4   0x08004be4   0x00000010   Code   RO         1200    .text.TIM_ITRx_SetConfig  stm32f1xx_hal_tim.o
    0x08004bf4   0x08004bf4   0x00000022   Code   RO         1198    .text.TIM_TI1_ConfigInputStage  stm32f1xx_hal_tim.o
    0x08004c16   0x08004c16   0x00000002   PAD
    0x08004c18   0x08004c18   0x00000024   Code   RO         1202    .text.TIM_TI2_ConfigInputStage  stm32f1xx_hal_tim.o
    0x08004c3c   0x08004c3c   0x00000010   Code   RO         1428    .text.UART_DMAAbortOnError  stm32f1xx_hal_uart.o
    0x08004c4c   0x08004c4c   0x0000004c   Code   RO         1376    .text.UART_DMAError  stm32f1xx_hal_uart.o
    0x08004c98   0x08004c98   0x0000002a   Code   RO         1372    .text.UART_DMATransmitCplt  stm32f1xx_hal_uart.o
    0x08004cc2   0x08004cc2   0x00000002   PAD
    0x08004cc4   0x08004cc4   0x0000000a   Code   RO         1374    .text.UART_DMATxHalfCplt  stm32f1xx_hal_uart.o
    0x08004cce   0x08004cce   0x00000002   PAD
    0x08004cd0   0x08004cd0   0x0000002c   Code   RO         1390    .text.UART_EndRxTransfer  stm32f1xx_hal_uart.o
    0x08004cfc   0x08004cfc   0x00000018   Code   RO         1436    .text.UART_EndTransmit_IT  stm32f1xx_hal_uart.o
    0x08004d14   0x08004d14   0x00000012   Code   RO         1388    .text.UART_EndTxTransfer  stm32f1xx_hal_uart.o
    0x08004d26   0x08004d26   0x00000002   PAD
    0x08004d28   0x08004d28   0x000000b4   Code   RO         1426    .text.UART_Receive_IT  stm32f1xx_hal_uart.o
    0x08004ddc   0x08004ddc   0x0000008e   Code   RO         1346    .text.UART_SetConfig  stm32f1xx_hal_uart.o
    0x08004e6a   0x08004e6a   0x00000002   PAD
    0x08004e6c   0x08004e6c   0x00000032   Code   RO         1368    .text.UART_Start_Receive_IT  stm32f1xx_hal_uart.o
    0x08004e9e   0x08004e9e   0x00000002   PAD
    0x08004ea0   0x08004ea0   0x00000052   Code   RO         1434    .text.UART_Transmit_IT  stm32f1xx_hal_uart.o
    0x08004ef2   0x08004ef2   0x00000002   PAD
    0x08004ef4   0x08004ef4   0x00000064   Code   RO         1360    .text.UART_WaitOnFlagUntilTimeout  stm32f1xx_hal_uart.o
    0x08004f58   0x08004f58   0x00000010   Code   RO          234    .text.USART1_IRQHandler  stm32f1xx_it.o
    0x08004f68   0x08004f68   0x00000010   Code   RO          236    .text.USART2_IRQHandler  stm32f1xx_it.o
    0x08004f78   0x08004f78   0x00000002   Code   RO          218    .text.UsageFault_Handler  stm32f1xx_it.o
    0x08004f7a   0x08004f7a   0x00000002   PAD
    0x08004f7c   0x08004f7c   0x00000030   Code   RO           40    .text.Write_IIC_Command  oled.o
    0x08004fac   0x08004fac   0x00000030   Code   RO           42    .text.Write_IIC_Data  oled.o
    0x08004fdc   0x08004fdc   0x00000020   Code   RO          551    .text.__NVIC_EnableIRQ  stm32f1xx_hal_cortex.o
    0x08004ffc   0x08004ffc   0x00000010   Code   RO          543    .text.__NVIC_GetPriorityGrouping  stm32f1xx_hal_cortex.o
    0x0800500c   0x0800500c   0x00000022   Code   RO          545    .text.__NVIC_SetPriority  stm32f1xx_hal_cortex.o
    0x0800502e   0x0800502e   0x00000002   PAD
    0x08005030   0x08005030   0x00000020   Code   RO          539    .text.__NVIC_SetPriorityGrouping  stm32f1xx_hal_cortex.o
    0x08005050   0x08005050   0x000000a4   Code   RO           13    .text.dsp_asm_powerMag  global_it.o
    0x080050f4   0x080050f4   0x00000022   Code   RO           11    .text.fputc         global_it.o
    0x08005116   0x08005116   0x00000002   PAD
    0x08005118   0x08005118   0x000000fc   Code   RO           89    .text.main          main.o
    0x08005214   0x08005214   0x00000020   Code   RO         1734    i.__0printf         mc_w.l(printfa.o)
    0x08005234   0x08005234   0x00000028   Code   RO         1736    i.__0sprintf        mc_w.l(printfa.o)
    0x0800525c   0x0800525c   0x0000000e   Code   RO         1842    i.__scatterload_copy  mc_w.l(handlers.o)
    0x0800526a   0x0800526a   0x00000002   Code   RO         1843    i.__scatterload_null  mc_w.l(handlers.o)
    0x0800526c   0x0800526c   0x0000000e   Code   RO         1844    i.__scatterload_zeroinit  mc_w.l(handlers.o)
    0x0800527a   0x0800527a   0x00000002   PAD
    0x0800527c   0x0800527c   0x0000000c   Code   RO         1812    i.__set_errno       mc_w.l(errno.o)
    0x08005288   0x08005288   0x00000184   Code   RO         1741    i._fp_digits        mc_w.l(printfa.o)
    0x0800540c   0x0800540c   0x000006dc   Code   RO         1742    i._printf_core      mc_w.l(printfa.o)
    0x08005ae8   0x08005ae8   0x00000024   Code   RO         1743    i._printf_post_padding  mc_w.l(printfa.o)
    0x08005b0c   0x08005b0c   0x0000002e   Code   RO         1744    i._printf_pre_padding  mc_w.l(printfa.o)
    0x08005b3a   0x08005b3a   0x0000000a   Code   RO         1746    i._sputc            mc_w.l(printfa.o)
    0x08005b44   0x08005b44   0x0000000c   Code   RO         1493    i.putchar           mc_w.l(putchar.o)
    0x08005b50   0x08005b50   0x0000004c   Code   RO         1487    i.sqrt              m_ws.l(sqrt.o)
    0x08005b9c   0x08005b9c   0x00000010   Data   RO         1477    .rodata.AHBPrescTable  system_stm32f1xx.o
    0x08005bac   0x08005bac   0x00000008   Data   RO         1478    .rodata.APBPrescTable  system_stm32f1xx.o
    0x08005bb4   0x08005bb4   0x000005f0   Data   RO           73    .rodata.F8X16       oled.o
    0x080061a4   0x080061a4   0x00000011   Data   RO           31    .rodata.str1.4      global_it.o
    0x080061b5   0x080061b5   0x00000003   PAD
    0x080061b8   0x080061b8   0x00000020   Data   RO         1841    Region$$Table       anon$$obj.o


    Execution Region RW_IRAM1 (Exec base: 0x20000000, Load base: 0x080061d8, Size: 0x00005f10, Max: 0x0000c000, ABSOLUTE, COMPRESSED[0x00000150])

    Exec Addr    Load Addr    Size         Type   Attr      Idx    E Section Name        Object

    0x20000000   COMPRESSED   0x00000004   Data   RW         1796    .data               mc_w.l(stdout.o)
    0x20000004   COMPRESSED   0x00000004   Data   RW         1813    .data               mc_w.l(errno.o)
    0x20000008   COMPRESSED   0x000000c8   Data   RW           95    .data.DAC_values    main.o
    0x200000d0   COMPRESSED   0x00000001   Data   RW           25    .data.HAL_ADC_ConvCpltCallback.choice  global_it.o
    0x200000d1   COMPRESSED   0x00000003   PAD
    0x200000d4   COMPRESSED   0x00000004   Data   RW           27    .data.HAL_ADC_ConvCpltCallback.sampling_rate  global_it.o
    0x200000d8   COMPRESSED   0x00000004   Data   RW         1476    .data.SystemCoreClock  system_stm32f1xx.o
    0x200000dc   COMPRESSED   0x0000000c   Data   RW           20    .data.sampling_rate_list  global_it.o
    0x200000e8   COMPRESSED   0x00000028   Data   RW           19    .data.str           global_it.o
    0x20000110   COMPRESSED   0x00000006   Data   RW           21    .data.tim3period    global_it.o
    0x20000116   COMPRESSED   0x00000002   PAD
    0x20000118   COMPRESSED   0x00002710   Data   RW           22    .data.uartWavStr    global_it.o
    0x20002828   COMPRESSED   0x00000001   Data   RW          417    .data.uwTickFreq    stm32f1xx_hal.o
    0x20002829   COMPRESSED   0x00000003   PAD
    0x2000282c   COMPRESSED   0x00000004   Data   RW          416    .data.uwTickPrio    stm32f1xx_hal.o
    0x20002830        -       0x00001000   Zero   RW           97    .bss.ADC_Values     main.o
    0x20003830        -       0x00001000   Zero   RW           28    .bss.FFT_in         global_it.o
    0x20004830        -       0x00000800   Zero   RW           29    .bss.FFT_out        global_it.o
    0x20005030        -       0x00000800   Zero   RW           24    .bss.FFT_out_mag    global_it.o
    0x20005830        -       0x00000001   Zero   RW           26    .bss.HAL_ADC_ConvCpltCallback.times  global_it.o
    0x20005831        -       0x00000002   Zero   RW           96    .bss.aRxBuffer      main.o
    0x20005833   COMPRESSED   0x00000001   PAD
    0x20005834        -       0x00000030   Zero   RW          122    .bss.hadc1          adc.o
    0x20005864        -       0x00000014   Zero   RW          138    .bss.hdac           dac.o
    0x20005878        -       0x00000044   Zero   RW          123    .bss.hdma_adc1      adc.o
    0x200058bc        -       0x00000044   Zero   RW          139    .bss.hdma_dac_ch1   dac.o
    0x20005900        -       0x00000044   Zero   RW          200    .bss.hdma_usart1_tx  usart.o
    0x20005944        -       0x00000044   Zero   RW          201    .bss.hdma_usart2_tx  usart.o
    0x20005988        -       0x00000054   Zero   RW          163    .bss.hi2c1          i2c.o
    0x200059dc        -       0x00000048   Zero   RW          180    .bss.htim2          tim.o
    0x20005a24        -       0x00000048   Zero   RW          181    .bss.htim3          tim.o
    0x20005a6c        -       0x00000044   Zero   RW          198    .bss.huart1         usart.o
    0x20005ab0        -       0x00000044   Zero   RW          199    .bss.huart2         usart.o
    0x20005af4        -       0x00000014   Zero   RW           30    .bss.tmpWavPnt      global_it.o
    0x20005b08        -       0x00000004   Zero   RW          418    .bss.uwTick         stm32f1xx_hal.o
    0x20005b0c   COMPRESSED   0x00000004   PAD
    0x20005b10        -       0x00000400   Zero   RW            1    STACK               startup_stm32f103xe.o


==============================================================================

Image component sizes


      Code (inc. data)   RO Data    RW Data    ZI Data      Debug   Object Name

       258          0          0          0        116       4025   adc.o
      4576       4080          0          0          0        284   cr4_fft_1024_stm32.o
       242          0          0          0         88       3788   dac.o
       116          0          0          0          0       2369   dma.o
      1016         48         17      10063       8213       6735   global_it.o
       210          0          0          0          0       1579   gpio.o
       166          0          0          0         84       4322   i2c.o
       366         44          0        200       4098       3609   main.o
       622          0       1520          0          0       6597   oled.o
        36          8        304          0       1024        768   startup_stm32f103xe.o
       196          0          0          5          4       6054   stm32f1xx_hal.o
      1334          0          0          0          0      11026   stm32f1xx_hal_adc.o
       258          0          0          0          0       9029   stm32f1xx_hal_cortex.o
       400          0          0          0          0       7198   stm32f1xx_hal_dac.o
        56          0          0          0          0       5326   stm32f1xx_hal_dac_ex.o
      1282          0          0          0          0       8159   stm32f1xx_hal_dma.o
       514         20          0          0          0       4599   stm32f1xx_hal_gpio.o
      1390          0          0          0          0      39561   stm32f1xx_hal_i2c.o
        66          0          0          0          0       1185   stm32f1xx_hal_msp.o
      1372         20          0          0          0       7023   stm32f1xx_hal_rcc.o
       262          0          0          0          0       3680   stm32f1xx_hal_rcc_ex.o
       746          0          0          0          0      42541   stm32f1xx_hal_tim.o
       150          0          0          0          0      17762   stm32f1xx_hal_tim_ex.o
      1732          0          0          0          0      20604   stm32f1xx_hal_uart.o
       120          0          0          0          0       2183   stm32f1xx_it.o
         2          0         24          4          0       1610   system_stm32f1xx.o
       334          0          0          0        144       4769   tim.o
       488          0          0          0        272       5928   usart.o

    ----------------------------------------------------------------------
     18448       4220       1900      10280      14048     232313   Object Totals
         0          0         32          0          0          0   (incl. Generated)
       138          0          3          8          5          0   (incl. Padding)

    ----------------------------------------------------------------------

      Code (inc. data)   RO Data    RW Data    ZI Data      Debug   Library Member Name

        76          0          0          0          0         84   sqrt.o
        58          0          0          0          0          0   __dczerorl.o
         0          0          0          0          0          0   entry.o
         0          0          0          0          0          0   entry10a.o
         0          0          0          0          0          0   entry11a.o
         8          4          0          0          0          0   entry2.o
         4          0          0          0          0          0   entry5.o
         0          0          0          0          0          0   entry7b.o
         0          0          0          0          0          0   entry8b.o
         8          4          0          0          0          0   entry9a.o
        12          6          0          4          0         68   errno.o
        30          0          0          0          0          0   handlers.o
        36          8          0          0          0         68   init.o
         0          0          0          0          0          0   iusefp.o
        30          0          0          0          0         68   llshl.o
        36          0          0          0          0         68   llsshr.o
        32          0          0          0          0         68   llushr.o
        36          0          0          0          0        108   memseta.o
      2308         96          0          0          0        604   printfa.o
        12          6          0          0          0         68   putchar.o
         0          0          0          4          0          0   stdout.o
        24          0          0          0          0         68   strcat.o
        14          0          0          0          0         68   strlen.o
        44          0          0          0          0         80   uidiv.o
        98          0          0          0          0         92   uldiv.o
        48          0          0          0          0         68   cdrcmple.o
        56          0          0          0          0         88   d2f.o
       334          0          0          0          0        148   dadd.o
       222          0          0          0          0        100   ddiv.o
       186          0          0          0          0        176   depilogue.o
        48          0          0          0          0         68   dfixul.o
        26          0          0          0          0         76   dfltui.o
       228          0          0          0          0         96   dmul.o
       162          0          0          0          0        100   dsqrt.o
        38          0          0          0          0         68   f2d.o
       176          0          0          0          0        140   fadd.o
        28          0          0          0          0         68   fcmpgt.o
       110          0          0          0          0        168   fepilogue.o
        40          0          0          0          0         68   ffixui.o
        18          0          0          0          0         68   fflti.o
        10          0          0          0          0         68   ffltui.o
       100          0          0          0          0         76   fmul.o

    ----------------------------------------------------------------------
      4700        124          0          8          0       3156   Library Totals
         4          0          0          0          0          0   (incl. Padding)

    ----------------------------------------------------------------------

      Code (inc. data)   RO Data    RW Data    ZI Data      Debug   Library Name

        76          0          0          0          0         84   m_ws.l
      2790        124          0          8          0       1428   mc_w.l
      1830          0          0          0          0       1644   mf_w.l

    ----------------------------------------------------------------------
      4700        124          0          8          0       3156   Library Totals

    ----------------------------------------------------------------------

==============================================================================


      Code (inc. data)   RO Data    RW Data    ZI Data      Debug   

     23148       4344       1900      10288      14048     233485   Grand Totals
     23148       4344       1900        336      14048     233485   ELF Image Totals (compressed)
     23148       4344       1900        336          0          0   ROM Totals

==============================================================================

    Total RO  Size (Code + RO Data)                25048 (  24.46kB)
    Total RW  Size (RW Data + ZI Data)             24336 (  23.77kB)
    Total ROM Size (Code + RO Data + RW Data)      25384 (  24.79kB)

==============================================================================

